[2026-10-05T15:56:42Z] USER=analyst ACTION=LOGIN_SUCCESS DETAILS=Role=analyst
[2026-10-05T15:56:42Z] USER=analyst ACTION=GET_SUMMARY DETAILS=platform=all
[2026-10-05T15:57:09Z] USER=guest ACTION=GET_SUMMARY DETAILS=platform=all
[2026-10-05T15:57:09Z] USER=guest ACTION=GET_SUMMARY DETAILS=platform=X
[2026-10-05T15:57:09Z] USER=invalid_user ACTION=LOGIN_FAILED DETAILS=Invalid credentials
[2026-10-05T15:57:09Z] USER=admin ACTION=LOGIN_SUCCESS DETAILS=Role=admin
[2026-10-05T15:57:09Z] USER=analyst ACTION=TEST_QUERY DETAILS=Ran validation suite
[2026-10-05T15:57:09Z] USER=guest ACTION=GET_SUMMARY DETAILS=platform=all
[2026-10-05T15:57:09Z] USER=guest ACTION=GET_SUMMARY DETAILS=platform=all
[2026-10-05T15:57:09Z] USER=guest ACTION=GET_SUMMARY DETAILS=platform=all
[2026-10-05T15:57:09Z] USER=guest ACTION=GET_SUMMARY DETAILS=platform=all
[2026-10-05T15:57:09Z] USER=guest ACTION=GET_SUMMARY DETAILS=platform=all
[2026-10-05T15:57:09Z] USER=guest ACTION=GET_SUMMARY DETAILS=platform=all
[2026-10-05T15:57:09Z] USER=guest ACTION=GET_SUMMARY DETAILS=platform=all
[2026-10-05T15:57:09Z] USER=guest ACTION=GET_SUMMARY DETAILS=platform=all
[2026-10-05T15:57:09Z] USER=guest ACTION=GET_SUMMARY DETAILS=platform=all
[2026-10-05T15:57:09Z] USER=guest ACTION=GET_SUMMARY DETAILS=platform=all
[2026-10-05T15:57:09Z] USER=guest ACTION=GET_SUMMARY DETAILS=platform=all
[2026-10-05T15:57:09Z] USER=guest ACTION=GET_SUMMARY DETAILS=platform=all
[2026-10-05T15:57:09Z] USER=guest ACTION=GET_SUMMARY DETAILS=platform=all
[2026-10-05T15:57:09Z] USER=guest ACTION=GET_SUMMARY DETAILS=platform=all
[2026-10-05T15:57:09Z] USER=guest ACTION=GET_SUMMARY DETAILS=platform=all
[2026-10-05T15:57:09Z] USER=guest ACTION=GET_SUMMARY DETAILS=platform=all
[2026-10-05T15:57:09Z] USER=guest ACTION=GET_SUMMARY DETAILS=platform=all
[2026-10-05T15:57:09Z] USER=guest ACTION=GET_SUMMARY DETAILS=platform=all
[2026-10-05T15:57:09Z] USER=guest ACTION=GET_SUMMARY DETAILS=platform=all
[2026-10-05T15:57:09Z] USER=guest ACTION=GET_SUMMARY DETAILS=platform=all
[2026-10-05T15:57:09Z] USER=guest ACTION=GET_SUMMARY DETAILS=platform=all
[2026-10-05T15:57:09Z] USER=guest ACTION=GET_SUMMARY DETAILS=platform=all
[2026-10-05T15:57:09Z] USER=guest ACTION=GET_SUMMARY DETAILS=platform=all
[2026-10-05T15:57:09Z] USER=guest ACTION=GET_SUMMARY DETAILS=platform=all
[2026-10-05T15:57:09Z] USER=guest ACTION=GET_SUMMARY DETAILS=platform=all
[2026-10-05T15:57:09Z] USER=guest ACTION=GET_SUMMARY DETAILS=platform=all
[2026-10-05T15:57:09Z] USER=guest ACTION=GET_SUMMARY DETAILS=platform=all
[2026-10-05T15:57:09Z] USER=guest ACTION=GET_SUMMARY DETAILS=platform=all
[2026-10-05T15:57:09Z] USER=guest ACTION=GET_SUMMARY DETAILS=platform=all
[2026-10-05T15:57:09Z] USER=guest ACTION=GET_SUMMARY DETAILS=platform=all
[2026-10-05T15:57:09Z] USER=guest ACTION=GET_SUMMARY DETAILS=platform=all
[2026-10-05T15:57:09Z] USER=guest ACTION=GET_SUMMARY DETAILS=platform=all
[2026-10-05T15:57:09Z] USER=guest ACTION=GET_SUMMARY DETAILS=platform=all
[2026-10-05T15:57:09Z] USER=guest ACTION=GET_SUMMARY DETAILS=platform=all
[2026-10-05T15:57:09Z] USER=guest ACTION=GET_SUMMARY DETAILS=platform=all
[2026-10-05T15:57:09Z] USER=guest ACTION=GET_SUMMARY DETAILS=platform=all
[2026-10-05T15:57:09Z] USER=guest ACTION=GET_SUMMARY DETAILS=platform=all
[2026-10-05T15:57:09Z] USER=guest ACTION=GET_SUMMARY DETAILS=platform=all
[2026-10-05T15:57:09Z] USER=guest ACTION=GET_SUMMARY DETAILS=platform=all
[2026-10-05T15:57:09Z] USER=guest ACTION=GET_SUMMARY DETAILS=platform=all
[2026-10-05T15:57:09Z] USER=guest ACTION=GET_SUMMARY DETAILS=platform=all
[2026-10-05T15:57:09Z] USER=guest ACTION=GET_SUMMARY DETAILS=platform=all
[2026-10-05T15:57:09Z] USER=guest ACTION=GET_SUMMARY DETAILS=platform=all
[2026-10-05T15:57:09Z] USER=guest ACTION=GET_SUMMARY DETAILS=platform=all
[2026-10-05T15:57:09Z] USER=guest ACTION=GET_SUMMARY DETAILS=platform=all
[2026-10-05T15:57:09Z] USER=guest ACTION=GET_SUMMARY DETAILS=platform=all
[2026-10-05T15:57:09Z] USER=guest ACTION=GET_SUMMARY DETAILS=platform=all
[2026-10-05T15:57:09Z] USER=guest ACTION=GET_SUMMARY DETAILS=platform=all
[2026-10-05T15:57:09Z] USER=guest ACTION=GET_SUMMARY DETAILS=platform=all
[2026-10-05T15:57:09Z] USER=guest ACTION=GET_SUMMARY DETAILS=platform=all
[2026-10-05T15:57:57Z] USER=guest ACTION=GET_SUMMARY DETAILS=platform=all
[2026-10-05T15:57:57Z] USER=guest ACTION=GET_SUMMARY DETAILS=platform=X
[2026-10-05T15:57:57Z] USER=invalid_user ACTION=LOGIN_FAILED DETAILS=Invalid credentials
[2026-10-05T15:57:57Z] USER=admin ACTION=LOGIN_SUCCESS DETAILS=Role=admin
[2026-10-05T15:57:57Z] USER=analyst ACTION=TEST_QUERY DETAILS=Ran validation suite
[2026-10-05T15:57:57Z] USER=guest ACTION=GET_SUMMARY DETAILS=platform=all
[2026-10-05T15:57:57Z] USER=guest ACTION=GET_SUMMARY DETAILS=platform=all
[2026-10-05T15:57:57Z] USER=guest ACTION=GET_SUMMARY DETAILS=platform=all
[2026-10-05T15:57:57Z] USER=guest ACTION=GET_SUMMARY DETAILS=platform=all
[2026-10-05T15:57:57Z] USER=guest ACTION=GET_SUMMARY DETAILS=platform=all
[2026-10-05T15:57:57Z] USER=guest ACTION=GET_SUMMARY DETAILS=platform=all
[2026-10-05T15:57:57Z] USER=guest ACTION=GET_SUMMARY DETAILS=platform=all
[2026-10-05T15:57:57Z] USER=guest ACTION=GET_SUMMARY DETAILS=platform=all
[2026-10-05T15:57:57Z] USER=guest ACTION=GET_SUMMARY DETAILS=platform=all
[2026-10-05T15:57:57Z] USER=guest ACTION=GET_SUMMARY DETAILS=platform=all
[2026-10-05T15:57:57Z] USER=guest ACTION=GET_SUMMARY DETAILS=platform=all
[2026-10-05T15:57:57Z] USER=guest ACTION=GET_SUMMARY DETAILS=platform=all
[2026-10-05T15:57:57Z] USER=guest ACTION=GET_SUMMARY DETAILS=platform=all
[2026-10-05T15:57:57Z] USER=guest ACTION=GET_SUMMARY DETAILS=platform=all
[2026-10-05T15:57:57Z] USER=guest ACTION=GET_SUMMARY DETAILS=platform=all
[2026-10-05T15:57:57Z] USER=guest ACTION=GET_SUMMARY DETAILS=platform=all
[2026-10-05T15:57:57Z] USER=guest ACTION=GET_SUMMARY DETAILS=platform=all
[2026-10-05T15:57:57Z] USER=guest ACTION=GET_SUMMARY DETAILS=platform=all
[2026-10-05T15:57:57Z] USER=guest ACTION=GET_SUMMARY DETAILS=platform=all
[2026-10-05T15:57:57Z] USER=guest ACTION=GET_SUMMARY DETAILS=platform=all
[2026-10-05T15:57:57Z] USER=guest ACTION=GET_SUMMARY DETAILS=platform=all
[2026-10-05T15:57:57Z] USER=guest ACTION=GET_SUMMARY DETAILS=platform=all
[2026-10-05T15:57:57Z] USER=guest ACTION=GET_SUMMARY DETAILS=platform=all
[2026-10-05T15:57:57Z] USER=guest ACTION=GET_SUMMARY DETAILS=platform=all
[2026-10-05T15:57:57Z] USER=guest ACTION=GET_SUMMARY DETAILS=platform=all
[2026-10-05T15:57:57Z] USER=guest ACTION=GET_SUMMARY DETAILS=platform=all
[2026-10-05T15:57:57Z] USER=guest ACTION=GET_SUMMARY DETAILS=platform=all
[2026-10-05T15:57:57Z] USER=guest ACTION=GET_SUMMARY DETAILS=platform=all
[2026-10-05T15:57:57Z] USER=guest ACTION=GET_SUMMARY DETAILS=platform=all
[2026-10-05T15:57:57Z] USER=guest ACTION=GET_SUMMARY DETAILS=platform=all
[2026-10-05T15:57:57Z] USER=guest ACTION=GET_SUMMARY DETAILS=platform=all
[2026-10-05T15:57:57Z] USER=guest ACTION=GET_SUMMARY DETAILS=platform=all
[2026-10-05T15:57:57Z] USER=guest ACTION=GET_SUMMARY DETAILS=platform=all
[2026-10-05T15:57:57Z] USER=guest ACTION=GET_SUMMARY DETAILS=platform=all
[2026-10-05T15:57:57Z] USER=guest ACTION=GET_SUMMARY DETAILS=platform=all
[2026-10-05T15:57:57Z] USER=guest ACTION=GET_SUMMARY DETAILS=platform=all
[2026-10-05T15:57:57Z] USER=guest ACTION=GET_SUMMARY DETAILS=platform=all
[2026-10-05T15:57:57Z] USER=guest ACTION=GET_SUMMARY DETAILS=platform=all
[2026-10-05T15:57:57Z] USER=guest ACTION=GET_SUMMARY DETAILS=platform=all
[2026-10-05T15:57:57Z] USER=guest ACTION=GET_SUMMARY DETAILS=platform=all
[2026-10-05T15:57:57Z] USER=guest ACTION=GET_SUMMARY DETAILS=platform=all
[2026-10-05T15:57:57Z] USER=guest ACTION=GET_SUMMARY DETAILS=platform=all
[2026-10-05T15:57:57Z] USER=guest ACTION=GET_SUMMARY DETAILS=platform=all
[2026-10-05T15:57:57Z] USER=guest ACTION=GET_SUMMARY DETAILS=platform=all
[2026-10-05T15:57:57Z] USER=guest ACTION=GET_SUMMARY DETAILS=platform=all
[2026-10-05T15:57:57Z] USER=guest ACTION=GET_SUMMARY DETAILS=platform=all
[2026-10-05T15:57:57Z] USER=guest ACTION=GET_SUMMARY DETAILS=platform=all
[2026-10-05T15:57:57Z] USER=guest ACTION=GET_SUMMARY DETAILS=platform=all
[2026-10-05T15:57:57Z] USER=guest ACTION=GET_SUMMARY DETAILS=platform=all
[2026-10-05T15:57:57Z] USER=guest ACTION=GET_SUMMARY DETAILS=platform=all
[2026-10-05T16:00:42Z] USER=guest ACTION=GET_SUMMARY DETAILS=platform=all
[2026-10-05T16:00:42Z] USER=guest ACTION=GET_SUMMARY DETAILS=platform=X
[2026-10-05T16:00:42Z] USER=invalid_user ACTION=LOGIN_FAILED DETAILS=Invalid credentials
[2026-10-05T16:00:42Z] USER=admin ACTION=LOGIN_SUCCESS DETAILS=Role=admin
[2026-10-05T16:00:42Z] USER=analyst ACTION=TEST_QUERY DETAILS=Ran validation suite
[2026-10-05T16:00:42Z] USER=guest ACTION=GET_SUMMARY DETAILS=platform=all
[2026-10-05T16:00:42Z] USER=guest ACTION=GET_SUMMARY DETAILS=platform=all
[2026-10-05T16:00:42Z] USER=guest ACTION=GET_SUMMARY DETAILS=platform=all
[2026-10-05T16:00:42Z] USER=guest ACTION=GET_SUMMARY DETAILS=platform=all
[2026-10-05T16:00:42Z] USER=guest ACTION=GET_SUMMARY DETAILS=platform=all
[2026-10-05T16:00:42Z] USER=guest ACTION=GET_SUMMARY DETAILS=platform=all
[2026-10-05T16:00:42Z] USER=guest ACTION=GET_SUMMARY DETAILS=platform=all
[2026-10-05T16:00:42Z] USER=guest ACTION=GET_SUMMARY DETAILS=platform=all
[2026-10-05T16:00:42Z] USER=guest ACTION=GET_SUMMARY DETAILS=platform=all
[2026-10-05T16:00:42Z] USER=guest ACTION=GET_SUMMARY DETAILS=platform=all
[2026-10-05T16:00:42Z] USER=guest ACTION=GET_SUMMARY DETAILS=platform=all
[2026-10-05T16:00:42Z] USER=guest ACTION=GET_SUMMARY DETAILS=platform=all
[2026-10-05T16:00:42Z] USER=guest ACTION=GET_SUMMARY DETAILS=platform=all
[2026-10-05T16:00:42Z] USER=guest ACTION=GET_SUMMARY DETAILS=platform=all
[2026-10-05T16:00:42Z] USER=guest ACTION=GET_SUMMARY DETAILS=platform=all
[2026-10-05T16:00:42Z] USER=guest ACTION=GET_SUMMARY DETAILS=platform=all
[2026-10-05T16:00:42Z] USER=guest ACTION=GET_SUMMARY DETAILS=platform=all
[2026-10-05T16:00:42Z] USER=guest ACTION=GET_SUMMARY DETAILS=platform=all
[2026-10-05T16:00:42Z] USER=guest ACTION=GET_SUMMARY DETAILS=platform=all
[2026-10-05T16:00:42Z] USER=guest ACTION=GET_SUMMARY DETAILS=platform=all
[2026-10-05T16:00:42Z] USER=guest ACTION=GET_SUMMARY DETAILS=platform=all
[2026-10-05T16:00:42Z] USER=guest ACTION=GET_SUMMARY DETAILS=platform=all
[2026-10-05T16:00:42Z] USER=guest ACTION=GET_SUMMARY DETAILS=platform=all
[2026-10-05T16:00:42Z] USER=guest ACTION=GET_SUMMARY DETAILS=platform=all
[2026-10-05T16:00:42Z] USER=guest ACTION=GET_SUMMARY DETAILS=platform=all
[2026-10-05T16:00:42Z] USER=guest ACTION=GET_SUMMARY DETAILS=platform=all
[2026-10-05T16:00:42Z] USER=guest ACTION=GET_SUMMARY DETAILS=platform=all
[2026-10-05T16:00:42Z] USER=guest ACTION=GET_SUMMARY DETAILS=platform=all
[2026-10-05T16:00:42Z] USER=guest ACTION=GET_SUMMARY DETAILS=platform=all
[2026-10-05T16:00:42Z] USER=guest ACTION=GET_SUMMARY DETAILS=platform=all
[2026-10-05T16:00:42Z] USER=guest ACTION=GET_SUMMARY DETAILS=platform=all
[2026-10-05T16:00:42Z] USER=guest ACTION=GET_SUMMARY DETAILS=platform=all
[2026-10-05T16:00:42Z] USER=guest ACTION=GET_SUMMARY DETAILS=platform=all
[2026-10-05T16:00:42Z] USER=guest ACTION=GET_SUMMARY DETAILS=platform=all
[2026-10-05T16:00:42Z] USER=guest ACTION=GET_SUMMARY DETAILS=platform=all
[2026-10-05T16:00:42Z] USER=guest ACTION=GET_SUMMARY DETAILS=platform=all
[2026-10-05T16:00:42Z] USER=guest ACTION=GET_SUMMARY DETAILS=platform=all
[2026-10-05T16:00:42Z] USER=guest ACTION=GET_SUMMARY DETAILS=platform=all
[2026-10-05T16:00:42Z] USER=guest ACTION=GET_SUMMARY DETAILS=platform=all
[2026-10-05T16:00:42Z] USER=guest ACTION=GET_SUMMARY DETAILS=platform=all
[2026-10-05T16:00:42Z] USER=guest ACTION=GET_SUMMARY DETAILS=platform=all
[2026-10-05T16:00:42Z] USER=guest ACTION=GET_SUMMARY DETAILS=platform=all
[2026-10-05T16:00:42Z] USER=guest ACTION=GET_SUMMARY DETAILS=platform=all
[2026-10-05T16:00:42Z] USER=guest ACTION=GET_SUMMARY DETAILS=platform=all
[2026-10-05T16:00:42Z] USER=guest ACTION=GET_SUMMARY DETAILS=platform=all
[2026-10-05T16:00:42Z] USER=guest ACTION=GET_SUMMARY DETAILS=platform=all
[2026-10-05T16:00:42Z] USER=guest ACTION=GET_SUMMARY DETAILS=platform=all
[2026-10-05T16:00:42Z] USER=guest ACTION=GET_SUMMARY DETAILS=platform=all
[2026-10-05T16:00:42Z] USER=guest ACTION=GET_SUMMARY DETAILS=platform=all
[2026-10-05T16:00:42Z] USER=guest ACTION=GET_SUMMARY DETAILS=platform=all
[2026-10-05T16:00:42Z] USER=guest ACTION=GET_SUMMARY DETAILS=platform=all
[2026-10-05T16:48:03Z] USER=guest ACTION=GET_SUMMARY DETAILS=platform=all
[2026-10-05T16:48:03Z] USER=guest ACTION=GET_SUMMARY DETAILS=platform=X
[2026-10-05T16:48:03Z] USER=invalid_user ACTION=LOGIN_FAILED DETAILS=Invalid credentials
[2026-10-05T16:48:03Z] USER=admin ACTION=LOGIN_SUCCESS DETAILS=Role=admin
[2026-10-05T16:48:03Z] USER=analyst ACTION=TEST_QUERY DETAILS=Ran validation suite
[2026-10-05T16:48:03Z] USER=guest ACTION=GET_SUMMARY DETAILS=platform=all
[2026-10-05T16:48:03Z] USER=guest ACTION=GET_SUMMARY DETAILS=platform=all
[2026-10-05T16:48:03Z] USER=guest ACTION=GET_SUMMARY DETAILS=platform=all
[2026-10-05T16:48:03Z] USER=guest ACTION=GET_SUMMARY DETAILS=platform=all
[2026-10-05T16:48:03Z] USER=guest ACTION=GET_SUMMARY DETAILS=platform=all
[2026-10-05T16:48:03Z] USER=guest ACTION=GET_SUMMARY DETAILS=platform=all
[2026-10-05T16:48:03Z] USER=guest ACTION=GET_SUMMARY DETAILS=platform=all
[2026-10-05T16:48:03Z] USER=guest ACTION=GET_SUMMARY DETAILS=platform=all
[2026-10-05T16:48:03Z] USER=guest ACTION=GET_SUMMARY DETAILS=platform=all
[2026-10-05T16:48:03Z] USER=guest ACTION=GET_SUMMARY DETAILS=platform=all
[2026-10-05T16:48:03Z] USER=guest ACTION=GET_SUMMARY DETAILS=platform=all
[2026-10-05T16:48:03Z] USER=guest ACTION=GET_SUMMARY DETAILS=platform=all
[2026-10-05T16:48:03Z] USER=guest ACTION=GET_SUMMARY DETAILS=platform=all
[2026-10-05T16:48:03Z] USER=guest ACTION=GET_SUMMARY DETAILS=platform=all
[2026-10-05T16:48:03Z] USER=guest ACTION=GET_SUMMARY DETAILS=platform=all
[2026-10-05T16:48:03Z] USER=guest ACTION=GET_SUMMARY DETAILS=platform=all
[2026-10-05T16:48:03Z] USER=guest ACTION=GET_SUMMARY DETAILS=platform=all
[2026-10-05T16:48:03Z] USER=guest ACTION=GET_SUMMARY DETAILS=platform=all
[2026-10-05T16:48:03Z] USER=guest ACTION=GET_SUMMARY DETAILS=platform=all
[2026-10-05T16:48:03Z] USER=guest ACTION=GET_SUMMARY DETAILS=platform=all
[2026-10-05T16:48:03Z] USER=guest ACTION=GET_SUMMARY DETAILS=platform=all
[2026-10-05T16:48:03Z] USER=guest ACTION=GET_SUMMARY DETAILS=platform=all
[2026-10-05T16:48:03Z] USER=guest ACTION=GET_SUMMARY DETAILS=platform=all
[2026-10-05T16:48:03Z] USER=guest ACTION=GET_SUMMARY DETAILS=platform=all
[2026-10-05T16:48:03Z] USER=guest ACTION=GET_SUMMARY DETAILS=platform=all
[2026-10-05T16:48:03Z] USER=guest ACTION=GET_SUMMARY DETAILS=platform=all
[2026-10-05T16:48:03Z] USER=guest ACTION=GET_SUMMARY DETAILS=platform=all
[2026-10-05T16:48:03Z] USER=guest ACTION=GET_SUMMARY DETAILS=platform=all
[2026-10-05T16:48:03Z] USER=guest ACTION=GET_SUMMARY DETAILS=platform=all
[2026-10-05T16:48:03Z] USER=guest ACTION=GET_SUMMARY DETAILS=platform=all
[2026-10-05T16:48:03Z] USER=guest ACTION=GET_SUMMARY DETAILS=platform=all
[2026-10-05T16:48:03Z] USER=guest ACTION=GET_SUMMARY DETAILS=platform=all
[2026-10-05T16:48:03Z] USER=guest ACTION=GET_SUMMARY DETAILS=platform=all
[2026-10-05T16:48:03Z] USER=guest ACTION=GET_SUMMARY DETAILS=platform=all
[2026-10-05T16:48:03Z] USER=guest ACTION=GET_SUMMARY DETAILS=platform=all
[2026-10-05T16:48:03Z] USER=guest ACTION=GET_SUMMARY DETAILS=platform=all
[2026-10-05T16:48:03Z] USER=guest ACTION=GET_SUMMARY DETAILS=platform=all
[2026-10-05T16:48:03Z] USER=guest ACTION=GET_SUMMARY DETAILS=platform=all
[2026-10-05T16:48:03Z] USER=guest ACTION=GET_SUMMARY DETAILS=platform=all
[2026-10-05T16:48:03Z] USER=guest ACTION=GET_SUMMARY DETAILS=platform=all
[2026-10-05T16:48:03Z] USER=guest ACTION=GET_SUMMARY DETAILS=platform=all
[2026-10-05T16:48:03Z] USER=guest ACTION=GET_SUMMARY DETAILS=platform=all
[2026-10-05T16:48:03Z] USER=guest ACTION=GET_SUMMARY DETAILS=platform=all
[2026-10-05T16:48:03Z] USER=guest ACTION=GET_SUMMARY DETAILS=platform=all
[2026-10-05T16:48:03Z] USER=guest ACTION=GET_SUMMARY DETAILS=platform=all
[2026-10-05T16:48:03Z] USER=guest ACTION=GET_SUMMARY DETAILS=platform=all
[2026-10-05T16:48:03Z] USER=guest ACTION=GET_SUMMARY DETAILS=platform=all
[2026-10-05T16:48:03Z] USER=guest ACTION=GET_SUMMARY DETAILS=platform=all
[2026-10-05T16:48:03Z] USER=guest ACTION=GET_SUMMARY DETAILS=platform=all
[2026-10-05T16:48:03Z] USER=guest ACTION=GET_SUMMARY DETAILS=platform=all
[2026-10-05T16:48:03Z] USER=guest ACTION=GET_SUMMARY DETAILS=platform=all
[2026-10-05T16:51:09Z] USER=guest ACTION=GET_SUMMARY DETAILS=platform=all
[2026-10-05T16:51:09Z] USER=guest ACTION=GET_SUMMARY DETAILS=platform=X
[2026-10-05T16:51:09Z] USER=invalid_user ACTION=LOGIN_FAILED DETAILS=Invalid credentials
[2026-10-05T16:51:09Z] USER=admin ACTION=LOGIN_SUCCESS DETAILS=Role=admin
[2026-10-05T16:51:09Z] USER=analyst ACTION=TEST_QUERY DETAILS=Ran validation suite
[2026-10-05T16:51:09Z] USER=guest ACTION=GET_SUMMARY DETAILS=platform=all
[2026-10-05T16:51:09Z] USER=guest ACTION=GET_SUMMARY DETAILS=platform=all
[2026-10-05T16:51:09Z] USER=guest ACTION=GET_SUMMARY DETAILS=platform=all
[2026-10-05T16:51:09Z] USER=guest ACTION=GET_SUMMARY DETAILS=platform=all
[2026-10-05T16:51:09Z] USER=guest ACTION=GET_SUMMARY DETAILS=platform=all
[2026-10-05T16:51:09Z] USER=guest ACTION=GET_SUMMARY DETAILS=platform=all
[2026-10-05T16:51:09Z] USER=guest ACTION=GET_SUMMARY DETAILS=platform=all
[2026-10-05T16:51:09Z] USER=guest ACTION=GET_SUMMARY DETAILS=platform=all
[2026-10-05T16:51:09Z] USER=guest ACTION=GET_SUMMARY DETAILS=platform=all
[2026-10-05T16:51:09Z] USER=guest ACTION=GET_SUMMARY DETAILS=platform=all
[2026-10-05T16:51:09Z] USER=guest ACTION=GET_SUMMARY DETAILS=platform=all
[2026-10-05T16:51:09Z] USER=guest ACTION=GET_SUMMARY DETAILS=platform=all
[2026-10-05T16:51:09Z] USER=guest ACTION=GET_SUMMARY DETAILS=platform=all
[2026-10-05T16:51:09Z] USER=guest ACTION=GET_SUMMARY DETAILS=platform=all
[2026-10-05T16:51:09Z] USER=guest ACTION=GET_SUMMARY DETAILS=platform=all
[2026-10-05T16:51:09Z] USER=guest ACTION=GET_SUMMARY DETAILS=platform=all
[2026-10-05T16:51:09Z] USER=guest ACTION=GET_SUMMARY DETAILS=platform=all
[2026-10-05T16:51:09Z] USER=guest ACTION=GET_SUMMARY DETAILS=platform=all
[2026-10-05T16:51:09Z] USER=guest ACTION=GET_SUMMARY DETAILS=platform=all
[2026-10-05T16:51:09Z] USER=guest ACTION=GET_SUMMARY DETAILS=platform=all
[2026-10-05T16:51:09Z] USER=guest ACTION=GET_SUMMARY DETAILS=platform=all
[2026-10-05T16:51:09Z] USER=guest ACTION=GET_SUMMARY DETAILS=platform=all
[2026-10-05T16:51:09Z] USER=guest ACTION=GET_SUMMARY DETAILS=platform=all
[2026-10-05T16:51:09Z] USER=guest ACTION=GET_SUMMARY DETAILS=platform=all
[2026-10-05T16:51:09Z] USER=guest ACTION=GET_SUMMARY DETAILS=platform=all
[2026-10-05T16:51:09Z] USER=guest ACTION=GET_SUMMARY DETAILS=platform=all
[2026-10-05T16:51:09Z] USER=guest ACTION=GET_SUMMARY DETAILS=platform=all
[2026-10-05T16:51:09Z] USER=guest ACTION=GET_SUMMARY DETAILS=platform=all
[2026-10-05T16:51:09Z] USER=guest ACTION=GET_SUMMARY DETAILS=platform=all
[2026-10-05T16:51:09Z] USER=guest ACTION=GET_SUMMARY DETAILS=platform=all
[2026-10-05T16:51:09Z] USER=guest ACTION=GET_SUMMARY DETAILS=platform=all
[2026-10-05T16:51:09Z] USER=guest ACTION=GET_SUMMARY DETAILS=platform=all
[2026-10-05T16:51:09Z] USER=guest ACTION=GET_SUMMARY DETAILS=platform=all
[2026-10-05T16:51:09Z] USER=guest ACTION=GET_SUMMARY DETAILS=platform=all
[2026-10-05T16:51:09Z] USER=guest ACTION=GET_SUMMARY DETAILS=platform=all
[2026-10-05T16:51:09Z] USER=guest ACTION=GET_SUMMARY DETAILS=platform=all
[2026-10-05T16:51:09Z] USER=guest ACTION=GET_SUMMARY DETAILS=platform=all
[2026-10-05T16:51:09Z] USER=guest ACTION=GET_SUMMARY DETAILS=platform=all
[2026-10-05T16:51:09Z] USER=guest ACTION=GET_SUMMARY DETAILS=platform=all
[2026-10-05T16:51:09Z] USER=guest ACTION=GET_SUMMARY DETAILS=platform=all
[2026-10-05T16:51:09Z] USER=guest ACTION=GET_SUMMARY DETAILS=platform=all
[2026-10-05T16:51:09Z] USER=guest ACTION=GET_SUMMARY DETAILS=platform=all
[2026-10-05T16:51:09Z] USER=guest ACTION=GET_SUMMARY DETAILS=platform=all
[2026-10-05T16:51:09Z] USER=guest ACTION=GET_SUMMARY DETAILS=platform=all
[2026-10-05T16:51:09Z] USER=guest ACTION=GET_SUMMARY DETAILS=platform=all
[2026-10-05T16:51:09Z] USER=guest ACTION=GET_SUMMARY DETAILS=platform=all
[2026-10-05T16:51:09Z] USER=guest ACTION=GET_SUMMARY DETAILS=platform=all
[2026-10-05T16:51:09Z] USER=guest ACTION=GET_SUMMARY DETAILS=platform=all
[2026-10-05T16:51:09Z] USER=guest ACTION=GET_SUMMARY DETAILS=platform=all
[2026-10-05T16:51:09Z] USER=guest ACTION=GET_SUMMARY DETAILS=platform=all
[2026-10-05T16:52:50Z] USER=guest ACTION=GET_SUMMARY DETAILS=platform=all
[2026-10-05T16:52:50Z] USER=guest ACTION=GET_SUMMARY DETAILS=platform=all
[2026-10-05T16:52:50Z] USER=guest ACTION=GET_SUMMARY DETAILS=platform=all
[2026-10-05T16:52:50Z] USER=guest ACTION=GET_SUMMARY DETAILS=platform=all
[2026-10-05T16:52:50Z] USER=guest ACTION=GET_SUMMARY DETAILS=platform=all
[2026-10-05T16:52:50Z] USER=guest ACTION=GET_SUMMARY DETAILS=platform=all
[2026-10-05T16:52:50Z] USER=guest ACTION=GET_SUMMARY DETAILS=platform=all
[2026-10-05T16:52:50Z] USER=guest ACTION=GET_SUMMARY DETAILS=platform=all
[2026-10-05T16:52:50Z] USER=guest ACTION=GET_SUMMARY DETAILS=platform=all
[2026-10-05T16:52:50Z] USER=guest ACTION=GET_SUMMARY DETAILS=platform=all
[2026-10-05T16:52:50Z] USER=guest ACTION=GET_SUMMARY DETAILS=platform=all
[2026-10-05T16:52:50Z] USER=guest ACTION=GET_SUMMARY DETAILS=platform=all
[2026-10-05T16:52:50Z] USER=guest ACTION=GET_SUMMARY DETAILS=platform=all
[2026-10-05T16:52:50Z] USER=guest ACTION=GET_SUMMARY DETAILS=platform=all
[2026-10-05T16:52:50Z] USER=guest ACTION=GET_SUMMARY DETAILS=platform=all
[2026-10-05T16:52:50Z] USER=guest ACTION=GET_SUMMARY DETAILS=platform=all
[2026-10-05T16:52:50Z] USER=guest ACTION=GET_SUMMARY DETAILS=platform=all
[2026-10-05T16:52:50Z] USER=guest ACTION=GET_SUMMARY DETAILS=platform=all
[2026-10-05T16:52:50Z] USER=guest ACTION=GET_SUMMARY DETAILS=platform=all
[2026-10-05T16:52:50Z] USER=guest ACTION=GET_SUMMARY DETAILS=platform=all
[2026-10-05T16:52:50Z] USER=guest ACTION=GET_SUMMARY DETAILS=platform=all
[2026-10-05T16:52:50Z] USER=guest ACTION=GET_SUMMARY DETAILS=platform=all
[2026-10-05T16:52:50Z] USER=guest ACTION=GET_SUMMARY DETAILS=platform=all
[2026-10-05T16:52:50Z] USER=guest ACTION=GET_SUMMARY DETAILS=platform=all
[2026-10-05T16:52:50Z] USER=guest ACTION=GET_SUMMARY DETAILS=platform=all
[2026-10-05T16:52:50Z] USER=guest ACTION=GET_SUMMARY DETAILS=platform=all
[2026-10-05T16:52:50Z] USER=guest ACTION=GET_SUMMARY DETAILS=platform=all
[2026-10-05T16:52:50Z] USER=guest ACTION=GET_SUMMARY DETAILS=platform=all
[2026-10-05T16:52:50Z] USER=guest ACTION=GET_SUMMARY DETAILS=platform=all
[2026-10-05T16:52:50Z] USER=guest ACTION=GET_SUMMARY DETAILS=platform=all
[2026-10-05T16:52:50Z] USER=guest ACTION=GET_SUMMARY DETAILS=platform=all
[2026-10-05T16:52:50Z] USER=guest ACTION=GET_SUMMARY DETAILS=platform=all
[2026-10-05T16:52:50Z] USER=guest ACTION=GET_SUMMARY DETAILS=platform=all
[2026-10-05T16:52:50Z] USER=guest ACTION=GET_SUMMARY DETAILS=platform=all
[2026-10-05T16:52:50Z] USER=guest ACTION=GET_SUMMARY DETAILS=platform=all
[2026-10-05T16:52:50Z] USER=guest ACTION=GET_SUMMARY DETAILS=platform=all
[2026-10-05T16:52:50Z] USER=guest ACTION=GET_SUMMARY DETAILS=platform=all
[2026-10-05T16:52:50Z] USER=guest ACTION=GET_SUMMARY DETAILS=platform=all
[2026-10-05T16:52:50Z] USER=guest ACTION=GET_SUMMARY DETAILS=platform=all
[2026-10-05T16:52:50Z] USER=guest ACTION=GET_SUMMARY DETAILS=platform=all
[2026-10-05T16:52:50Z] USER=guest ACTION=GET_SUMMARY DETAILS=platform=all
[2026-10-05T16:52:50Z] USER=guest ACTION=GET_SUMMARY DETAILS=platform=all
[2026-10-05T16:52:50Z] USER=guest ACTION=GET_SUMMARY DETAILS=platform=all
[2026-10-05T16:52:50Z] USER=guest ACTION=GET_SUMMARY DETAILS=platform=all
[2026-10-05T16:52:50Z] USER=guest ACTION=GET_SUMMARY DETAILS=platform=all
[2026-10-05T16:52:50Z] USER=guest ACTION=GET_SUMMARY DETAILS=platform=all
[2026-10-05T16:52:50Z] USER=guest ACTION=GET_SUMMARY DETAILS=platform=all
[2026-10-05T16:52:50Z] USER=guest ACTION=GET_SUMMARY DETAILS=platform=all
[2026-10-05T16:52:50Z] USER=guest ACTION=GET_SUMMARY DETAILS=platform=all
[2026-10-05T16:52:50Z] USER=guest ACTION=GET_SUMMARY DETAILS=platform=all
[2026-10-05T16:52:50Z] USER=guest ACTION=GET_SUMMARY DETAILS=platform=all
[2026-10-05T16:52:50Z] USER=guest ACTION=GET_SUMMARY DETAILS=platform=all
[2026-10-05T16:52:50Z] USER=guest ACTION=GET_SUMMARY DETAILS=platform=all
[2026-10-05T16:52:51Z] USER=guest ACTION=GET_SUMMARY DETAILS=platform=all
[2026-10-05T16:52:51Z] USER=guest ACTION=GET_SUMMARY DETAILS=platform=all
[2026-10-05T16:52:51Z] USER=guest ACTION=GET_SUMMARY DETAILS=platform=all
[2026-10-05T16:52:51Z] USER=guest ACTION=GET_SUMMARY DETAILS=platform=all
[2026-10-05T16:52:51Z] USER=guest ACTION=GET_SUMMARY DETAILS=platform=all
[2026-10-05T16:52:51Z] USER=guest ACTION=GET_SUMMARY DETAILS=platform=all
[2026-10-05T16:52:51Z] USER=guest ACTION=GET_SUMMARY DETAILS=platform=all
[2026-10-05T16:52:51Z] USER=guest ACTION=GET_SUMMARY DETAILS=platform=all
[2026-10-05T16:52:51Z] USER=guest ACTION=GET_SUMMARY DETAILS=platform=all
[2026-10-05T16:52:51Z] USER=guest ACTION=GET_SUMMARY DETAILS=platform=all
[2026-10-05T16:52:51Z] USER=guest ACTION=GET_SUMMARY DETAILS=platform=all
[2026-10-05T16:52:51Z] USER=guest ACTION=GET_SUMMARY DETAILS=platform=all
[2026-10-05T16:52:51Z] USER=guest ACTION=GET_SUMMARY DETAILS=platform=all
[2026-10-05T16:52:51Z] USER=guest ACTION=GET_SUMMARY DETAILS=platform=all
[2026-10-05T16:52:51Z] USER=guest ACTION=GET_SUMMARY DETAILS=platform=all
[2026-10-05T16:52:51Z] USER=guest ACTION=GET_SUMMARY DETAILS=platform=all
[2026-10-05T16:52:51Z] USER=guest ACTION=GET_SUMMARY DETAILS=platform=all
[2026-10-05T16:52:51Z] USER=guest ACTION=GET_SUMMARY DETAILS=platform=all
[2026-10-05T16:52:51Z] USER=guest ACTION=GET_SUMMARY DETAILS=platform=all
[2026-10-05T16:52:51Z] USER=guest ACTION=GET_SUMMARY DETAILS=platform=all
[2026-10-05T16:52:51Z] USER=guest ACTION=GET_SUMMARY DETAILS=platform=all
[2026-10-05T16:52:51Z] USER=guest ACTION=GET_SUMMARY DETAILS=platform=all
[2026-10-05T16:52:51Z] USER=guest ACTION=GET_SUMMARY DETAILS=platform=all
[2026-10-05T16:52:51Z] USER=guest ACTION=GET_SUMMARY DETAILS=platform=all
[2026-10-05T16:52:51Z] USER=guest ACTION=GET_SUMMARY DETAILS=platform=all
[2026-10-05T16:52:51Z] USER=guest ACTION=GET_SUMMARY DETAILS=platform=all
[2026-10-05T16:52:51Z] USER=guest ACTION=GET_SUMMARY DETAILS=platform=all
[2026-10-05T16:52:51Z] USER=guest ACTION=GET_SUMMARY DETAILS=platform=all
[2026-10-05T16:52:51Z] USER=guest ACTION=GET_SUMMARY DETAILS=platform=all
[2026-10-05T16:52:51Z] USER=guest ACTION=GET_SUMMARY DETAILS=platform=all
[2026-10-05T16:52:51Z] USER=guest ACTION=GET_SUMMARY DETAILS=platform=all
[2026-10-05T16:52:51Z] USER=guest ACTION=GET_SUMMARY DETAILS=platform=all
[2026-10-05T16:52:51Z] USER=guest ACTION=GET_SUMMARY DETAILS=platform=all
[2026-10-05T16:52:51Z] USER=guest ACTION=GET_SUMMARY DETAILS=platform=all
[2026-10-05T16:52:51Z] USER=guest ACTION=GET_SUMMARY DETAILS=platform=all
[2026-10-05T16:52:51Z] USER=guest ACTION=GET_SUMMARY DETAILS=platform=all
[2026-10-05T16:52:51Z] USER=guest ACTION=GET_SUMMARY DETAILS=platform=all
[2026-10-05T16:52:51Z] USER=guest ACTION=GET_SUMMARY DETAILS=platform=all
[2026-10-05T16:52:51Z] USER=guest ACTION=GET_SUMMARY DETAILS=platform=all
[2026-10-05T16:52:51Z] USER=guest ACTION=GET_SUMMARY DETAILS=platform=all
[2026-10-05T16:52:51Z] USER=guest ACTION=GET_SUMMARY DETAILS=platform=all
[2026-10-05T16:52:51Z] USER=guest ACTION=GET_SUMMARY DETAILS=platform=all
[2026-10-05T16:52:51Z] USER=guest ACTION=GET_SUMMARY DETAILS=platform=all
[2026-10-05T16:52:51Z] USER=guest ACTION=GET_SUMMARY DETAILS=platform=all
[2026-10-05T16:52:51Z] USER=guest ACTION=GET_SUMMARY DETAILS=platform=all
[2026-10-05T16:52:51Z] USER=guest ACTION=GET_SUMMARY DETAILS=platform=all
[2026-10-05T16:52:51Z] USER=guest ACTION=GET_SUMMARY DETAILS=platform=all
[2026-10-05T16:52:58Z] USER=guest ACTION=GET_SUMMARY DETAILS=platform=all
[2026-10-05T16:52:58Z] USER=guest ACTION=GET_SUMMARY DETAILS=platform=X
[2026-10-05T16:52:58Z] USER=invalid_user ACTION=LOGIN_FAILED DETAILS=Invalid credentials
[2026-10-05T16:52:58Z] USER=admin ACTION=LOGIN_SUCCESS DETAILS=Role=admin
[2026-10-05T16:52:58Z] USER=analyst ACTION=TEST_QUERY DETAILS=Ran validation suite
[2026-10-05T16:52:58Z] USER=guest ACTION=GET_SUMMARY DETAILS=platform=all
[2026-10-05T16:52:58Z] USER=guest ACTION=GET_SUMMARY DETAILS=platform=all
[2026-10-05T16:52:58Z] USER=guest ACTION=GET_SUMMARY DETAILS=platform=all
[2026-10-05T16:52:58Z] USER=guest ACTION=GET_SUMMARY DETAILS=platform=all
[2026-10-05T16:52:58Z] USER=guest ACTION=GET_SUMMARY DETAILS=platform=all
[2026-10-05T16:52:58Z] USER=guest ACTION=GET_SUMMARY DETAILS=platform=all
[2026-10-05T16:52:58Z] USER=guest ACTION=GET_SUMMARY DETAILS=platform=all
[2026-10-05T16:52:58Z] USER=guest ACTION=GET_SUMMARY DETAILS=platform=all
[2026-10-05T16:52:58Z] USER=guest ACTION=GET_SUMMARY DETAILS=platform=all
[2026-10-05T16:52:58Z] USER=guest ACTION=GET_SUMMARY DETAILS=platform=all
[2026-10-05T16:52:58Z] USER=guest ACTION=GET_SUMMARY DETAILS=platform=all
[2026-10-05T16:52:58Z] USER=guest ACTION=GET_SUMMARY DETAILS=platform=all
[2026-10-05T16:52:58Z] USER=guest ACTION=GET_SUMMARY DETAILS=platform=all
[2026-10-05T16:52:58Z] USER=guest ACTION=GET_SUMMARY DETAILS=platform=all
[2026-10-05T16:52:58Z] USER=guest ACTION=GET_SUMMARY DETAILS=platform=all
[2026-10-05T16:52:58Z] USER=guest ACTION=GET_SUMMARY DETAILS=platform=all
[2026-10-05T16:52:58Z] USER=guest ACTION=GET_SUMMARY DETAILS=platform=all
[2026-10-05T16:52:58Z] USER=guest ACTION=GET_SUMMARY DETAILS=platform=all
[2026-10-05T16:52:58Z] USER=guest ACTION=GET_SUMMARY DETAILS=platform=all
[2026-10-05T16:52:58Z] USER=guest ACTION=GET_SUMMARY DETAILS=platform=all
[2026-10-05T16:52:58Z] USER=guest ACTION=GET_SUMMARY DETAILS=platform=all
[2026-10-05T16:52:58Z] USER=guest ACTION=GET_SUMMARY DETAILS=platform=all
[2026-10-05T16:52:58Z] USER=guest ACTION=GET_SUMMARY DETAILS=platform=all
[2026-10-05T16:52:58Z] USER=guest ACTION=GET_SUMMARY DETAILS=platform=all
[2026-10-05T16:52:58Z] USER=guest ACTION=GET_SUMMARY DETAILS=platform=all
[2026-10-05T16:52:58Z] USER=guest ACTION=GET_SUMMARY DETAILS=platform=all
[2026-10-05T16:52:58Z] USER=guest ACTION=GET_SUMMARY DETAILS=platform=all
[2026-10-05T16:52:58Z] USER=guest ACTION=GET_SUMMARY DETAILS=platform=all
[2026-10-05T16:52:58Z] USER=guest ACTION=GET_SUMMARY DETAILS=platform=all
[2026-10-05T16:52:58Z] USER=guest ACTION=GET_SUMMARY DETAILS=platform=all
[2026-10-05T16:52:58Z] USER=guest ACTION=GET_SUMMARY DETAILS=platform=all
[2026-10-05T16:52:58Z] USER=guest ACTION=GET_SUMMARY DETAILS=platform=all
[2026-10-05T16:52:58Z] USER=guest ACTION=GET_SUMMARY DETAILS=platform=all
[2026-10-05T16:52:58Z] USER=guest ACTION=GET_SUMMARY DETAILS=platform=all
[2026-10-05T16:52:58Z] USER=guest ACTION=GET_SUMMARY DETAILS=platform=all
[2026-10-05T16:52:58Z] USER=guest ACTION=GET_SUMMARY DETAILS=platform=all
[2026-10-05T16:52:58Z] USER=guest ACTION=GET_SUMMARY DETAILS=platform=all
[2026-10-05T16:52:58Z] USER=guest ACTION=GET_SUMMARY DETAILS=platform=all
[2026-10-05T16:52:58Z] USER=guest ACTION=GET_SUMMARY DETAILS=platform=all
[2026-10-05T16:52:58Z] USER=guest ACTION=GET_SUMMARY DETAILS=platform=all
[2026-10-05T16:52:58Z] USER=guest ACTION=GET_SUMMARY DETAILS=platform=all
[2026-10-05T16:52:58Z] USER=guest ACTION=GET_SUMMARY DETAILS=platform=all
[2026-10-05T16:52:58Z] USER=guest ACTION=GET_SUMMARY DETAILS=platform=all
[2026-10-05T16:52:58Z] USER=guest ACTION=GET_SUMMARY DETAILS=platform=all
[2026-10-05T16:52:58Z] USER=guest ACTION=GET_SUMMARY DETAILS=platform=all
[2026-10-05T16:52:58Z] USER=guest ACTION=GET_SUMMARY DETAILS=platform=all
[2026-10-05T16:52:58Z] USER=guest ACTION=GET_SUMMARY DETAILS=platform=all
[2026-10-05T16:52:58Z] USER=guest ACTION=GET_SUMMARY DETAILS=platform=all
[2026-10-05T16:52:58Z] USER=guest ACTION=GET_SUMMARY DETAILS=platform=all
[2026-10-05T16:52:58Z] USER=guest ACTION=GET_SUMMARY DETAILS=platform=all
[2026-10-05T16:53:18Z] USER=guest ACTION=GET_SUMMARY DETAILS=platform=all
[2026-10-05T16:53:18Z] USER=guest ACTION=GET_SUMMARY DETAILS=platform=X
[2026-10-05T16:53:18Z] USER=invalid_user ACTION=LOGIN_FAILED DETAILS=Invalid credentials
[2026-10-05T16:53:18Z] USER=admin ACTION=LOGIN_SUCCESS DETAILS=Role=admin
[2026-10-05T16:53:18Z] USER=analyst ACTION=TEST_QUERY DETAILS=Ran validation suite
[2026-10-05T16:53:18Z] USER=guest ACTION=GET_SUMMARY DETAILS=platform=all
[2026-10-05T16:53:18Z] USER=guest ACTION=GET_SUMMARY DETAILS=platform=all
[2026-10-05T16:53:18Z] USER=guest ACTION=GET_SUMMARY DETAILS=platform=all
[2026-10-05T16:53:18Z] USER=guest ACTION=GET_SUMMARY DETAILS=platform=all
[2026-10-05T16:53:18Z] USER=guest ACTION=GET_SUMMARY DETAILS=platform=all
[2026-10-05T16:53:18Z] USER=guest ACTION=GET_SUMMARY DETAILS=platform=all
[2026-10-05T16:53:18Z] USER=guest ACTION=GET_SUMMARY DETAILS=platform=all
[2026-10-05T16:53:18Z] USER=guest ACTION=GET_SUMMARY DETAILS=platform=all
[2026-10-05T16:53:18Z] USER=guest ACTION=GET_SUMMARY DETAILS=platform=all
[2026-10-05T16:53:18Z] USER=guest ACTION=GET_SUMMARY DETAILS=platform=all
[2026-10-05T16:53:18Z] USER=guest ACTION=GET_SUMMARY DETAILS=platform=all
[2026-10-05T16:53:18Z] USER=guest ACTION=GET_SUMMARY DETAILS=platform=all
[2026-10-05T16:53:18Z] USER=guest ACTION=GET_SUMMARY DETAILS=platform=all
[2026-10-05T16:53:18Z] USER=guest ACTION=GET_SUMMARY DETAILS=platform=all
[2026-10-05T16:53:18Z] USER=guest ACTION=GET_SUMMARY DETAILS=platform=all
[2026-10-05T16:53:18Z] USER=guest ACTION=GET_SUMMARY DETAILS=platform=all
[2026-10-05T16:53:18Z] USER=guest ACTION=GET_SUMMARY DETAILS=platform=all
[2026-10-05T16:53:18Z] USER=guest ACTION=GET_SUMMARY DETAILS=platform=all
[2026-10-05T16:53:18Z] USER=guest ACTION=GET_SUMMARY DETAILS=platform=all
[2026-10-05T16:53:18Z] USER=guest ACTION=GET_SUMMARY DETAILS=platform=all
[2026-10-05T16:53:18Z] USER=guest ACTION=GET_SUMMARY DETAILS=platform=all
[2026-10-05T16:53:18Z] USER=guest ACTION=GET_SUMMARY DETAILS=platform=all
[2026-10-05T16:53:18Z] USER=guest ACTION=GET_SUMMARY DETAILS=platform=all
[2026-10-05T16:53:18Z] USER=guest ACTION=GET_SUMMARY DETAILS=platform=all
[2026-10-05T16:53:18Z] USER=guest ACTION=GET_SUMMARY DETAILS=platform=all
[2026-10-05T16:53:18Z] USER=guest ACTION=GET_SUMMARY DETAILS=platform=all
[2026-10-05T16:53:18Z] USER=guest ACTION=GET_SUMMARY DETAILS=platform=all
[2026-10-05T16:53:18Z] USER=guest ACTION=GET_SUMMARY DETAILS=platform=all
[2026-10-05T16:53:18Z] USER=guest ACTION=GET_SUMMARY DETAILS=platform=all
[2026-10-05T16:53:18Z] USER=guest ACTION=GET_SUMMARY DETAILS=platform=all
[2026-10-05T16:53:18Z] USER=guest ACTION=GET_SUMMARY DETAILS=platform=all
[2026-10-05T16:53:18Z] USER=guest ACTION=GET_SUMMARY DETAILS=platform=all
[2026-10-05T16:53:18Z] USER=guest ACTION=GET_SUMMARY DETAILS=platform=all
[2026-10-05T16:53:18Z] USER=guest ACTION=GET_SUMMARY DETAILS=platform=all
[2026-10-05T16:53:18Z] USER=guest ACTION=GET_SUMMARY DETAILS=platform=all
[2026-10-05T16:53:18Z] USER=guest ACTION=GET_SUMMARY DETAILS=platform=all
[2026-10-05T16:53:18Z] USER=guest ACTION=GET_SUMMARY DETAILS=platform=all
[2026-10-05T16:53:18Z] USER=guest ACTION=GET_SUMMARY DETAILS=platform=all
[2026-10-05T16:53:18Z] USER=guest ACTION=GET_SUMMARY DETAILS=platform=all
[2026-10-05T16:53:18Z] USER=guest ACTION=GET_SUMMARY DETAILS=platform=all
[2026-10-05T16:53:18Z] USER=guest ACTION=GET_SUMMARY DETAILS=platform=all
[2026-10-05T16:53:18Z] USER=guest ACTION=GET_SUMMARY DETAILS=platform=all
[2026-10-05T16:53:18Z] USER=guest ACTION=GET_SUMMARY DETAILS=platform=all
[2026-10-05T16:53:18Z] USER=guest ACTION=GET_SUMMARY DETAILS=platform=all
[2026-10-05T16:53:18Z] USER=guest ACTION=GET_SUMMARY DETAILS=platform=all
[2026-10-05T16:53:18Z] USER=guest ACTION=GET_SUMMARY DETAILS=platform=all
[2026-10-05T16:53:18Z] USER=guest ACTION=GET_SUMMARY DETAILS=platform=all
[2026-10-05T16:53:18Z] USER=guest ACTION=GET_SUMMARY DETAILS=platform=all
[2026-10-05T16:53:18Z] USER=guest ACTION=GET_SUMMARY DETAILS=platform=all
[2026-10-05T16:53:18Z] USER=guest ACTION=GET_SUMMARY DETAILS=platform=all
[2026-10-05T16:53:31Z] USER=guest ACTION=GET_SUMMARY DETAILS=platform=all
[2026-10-05T16:53:31Z] USER=guest ACTION=GET_SUMMARY DETAILS=platform=X
[2026-10-05T16:53:31Z] USER=invalid_user ACTION=LOGIN_FAILED DETAILS=Invalid credentials
[2026-10-05T16:53:31Z] USER=admin ACTION=LOGIN_SUCCESS DETAILS=Role=admin
[2026-10-05T16:53:31Z] USER=analyst ACTION=TEST_QUERY DETAILS=Ran validation suite
[2026-10-05T16:53:31Z] USER=guest ACTION=GET_SUMMARY DETAILS=platform=all
[2026-10-05T16:53:31Z] USER=guest ACTION=GET_SUMMARY DETAILS=platform=all
[2026-10-05T16:53:31Z] USER=guest ACTION=GET_SUMMARY DETAILS=platform=all
[2026-10-05T16:53:31Z] USER=guest ACTION=GET_SUMMARY DETAILS=platform=all
[2026-10-05T16:53:31Z] USER=guest ACTION=GET_SUMMARY DETAILS=platform=all
[2026-10-05T16:53:31Z] USER=guest ACTION=GET_SUMMARY DETAILS=platform=all
[2026-10-05T16:53:31Z] USER=guest ACTION=GET_SUMMARY DETAILS=platform=all
[2026-10-05T16:53:31Z] USER=guest ACTION=GET_SUMMARY DETAILS=platform=all
[2026-10-05T16:53:31Z] USER=guest ACTION=GET_SUMMARY DETAILS=platform=all
[2026-10-05T16:53:31Z] USER=guest ACTION=GET_SUMMARY DETAILS=platform=all
[2026-10-05T16:53:31Z] USER=guest ACTION=GET_SUMMARY DETAILS=platform=all
[2026-10-05T16:53:31Z] USER=guest ACTION=GET_SUMMARY DETAILS=platform=all
[2026-10-05T16:53:31Z] USER=guest ACTION=GET_SUMMARY DETAILS=platform=all
[2026-10-05T16:53:31Z] USER=guest ACTION=GET_SUMMARY DETAILS=platform=all
[2026-10-05T16:53:31Z] USER=guest ACTION=GET_SUMMARY DETAILS=platform=all
[2026-10-05T16:53:31Z] USER=guest ACTION=GET_SUMMARY DETAILS=platform=all
[2026-10-05T16:53:31Z] USER=guest ACTION=GET_SUMMARY DETAILS=platform=all
[2026-10-05T16:53:31Z] USER=guest ACTION=GET_SUMMARY DETAILS=platform=all
[2026-10-05T16:53:31Z] USER=guest ACTION=GET_SUMMARY DETAILS=platform=all
[2026-10-05T16:53:31Z] USER=guest ACTION=GET_SUMMARY DETAILS=platform=all
[2026-10-05T16:53:31Z] USER=guest ACTION=GET_SUMMARY DETAILS=platform=all
[2026-10-05T16:53:31Z] USER=guest ACTION=GET_SUMMARY DETAILS=platform=all
[2026-10-05T16:53:31Z] USER=guest ACTION=GET_SUMMARY DETAILS=platform=all
[2026-10-05T16:53:31Z] USER=guest ACTION=GET_SUMMARY DETAILS=platform=all
[2026-10-05T16:53:31Z] USER=guest ACTION=GET_SUMMARY DETAILS=platform=all
[2026-10-05T16:53:31Z] USER=guest ACTION=GET_SUMMARY DETAILS=platform=all
[2026-10-05T16:53:31Z] USER=guest ACTION=GET_SUMMARY DETAILS=platform=all
[2026-10-05T16:53:31Z] USER=guest ACTION=GET_SUMMARY DETAILS=platform=all
[2026-10-05T16:53:31Z] USER=guest ACTION=GET_SUMMARY DETAILS=platform=all
[2026-10-05T16:53:31Z] USER=guest ACTION=GET_SUMMARY DETAILS=platform=all
[2026-10-05T16:53:31Z] USER=guest ACTION=GET_SUMMARY DETAILS=platform=all
[2026-10-05T16:53:31Z] USER=guest ACTION=GET_SUMMARY DETAILS=platform=all
[2026-10-05T16:53:31Z] USER=guest ACTION=GET_SUMMARY DETAILS=platform=all
[2026-10-05T16:53:31Z] USER=guest ACTION=GET_SUMMARY DETAILS=platform=all
[2026-10-05T16:53:31Z] USER=guest ACTION=GET_SUMMARY DETAILS=platform=all
[2026-10-05T16:53:31Z] USER=guest ACTION=GET_SUMMARY DETAILS=platform=all
[2026-10-05T16:53:31Z] USER=guest ACTION=GET_SUMMARY DETAILS=platform=all
[2026-10-05T16:53:31Z] USER=guest ACTION=GET_SUMMARY DETAILS=platform=all
[2026-10-05T16:53:31Z] USER=guest ACTION=GET_SUMMARY DETAILS=platform=all
[2026-10-05T16:53:31Z] USER=guest ACTION=GET_SUMMARY DETAILS=platform=all
[2026-10-05T16:53:31Z] USER=guest ACTION=GET_SUMMARY DETAILS=platform=all
[2026-10-05T16:53:31Z] USER=guest ACTION=GET_SUMMARY DETAILS=platform=all
[2026-10-05T16:53:31Z] USER=guest ACTION=GET_SUMMARY DETAILS=platform=all
[2026-10-05T16:53:31Z] USER=guest ACTION=GET_SUMMARY DETAILS=platform=all
[2026-10-05T16:53:31Z] USER=guest ACTION=GET_SUMMARY DETAILS=platform=all
[2026-10-05T16:53:31Z] USER=guest ACTION=GET_SUMMARY DETAILS=platform=all
[2026-10-05T16:53:31Z] USER=guest ACTION=GET_SUMMARY DETAILS=platform=all
[2026-10-05T16:53:31Z] USER=guest ACTION=GET_SUMMARY DETAILS=platform=all
[2026-10-05T16:53:31Z] USER=guest ACTION=GET_SUMMARY DETAILS=platform=all
[2026-10-05T16:53:31Z] USER=guest ACTION=GET_SUMMARY DETAILS=platform=all
[2026-10-05T16:53:32Z] USER=guest ACTION=GET_SUMMARY DETAILS=platform=all
[2026-10-05T17:10:42Z] USER=guest ACTION=GET_SUMMARY DETAILS=platform=all
[2026-10-05T17:10:42Z] USER=guest ACTION=GET_SUMMARY DETAILS=platform=X
[2026-10-05T17:10:42Z] USER=invalid_user ACTION=LOGIN_FAILED DETAILS=Invalid credentials
[2026-10-05T17:10:42Z] USER=admin ACTION=LOGIN_SUCCESS DETAILS=Role=admin
[2026-10-05T17:10:42Z] USER=analyst ACTION=TEST_QUERY DETAILS=Ran validation suite
[2026-10-05T17:10:42Z] USER=guest ACTION=GET_SUMMARY DETAILS=platform=all
[2026-10-05T17:10:42Z] USER=guest ACTION=GET_SUMMARY DETAILS=platform=all
[2026-10-05T17:10:42Z] USER=guest ACTION=GET_SUMMARY DETAILS=platform=all
[2026-10-05T17:10:42Z] USER=guest ACTION=GET_SUMMARY DETAILS=platform=all
[2026-10-05T17:10:42Z] USER=guest ACTION=GET_SUMMARY DETAILS=platform=all
[2026-10-05T17:10:42Z] USER=guest ACTION=GET_SUMMARY DETAILS=platform=all
[2026-10-05T17:10:42Z] USER=guest ACTION=GET_SUMMARY DETAILS=platform=all
[2026-10-05T17:10:42Z] USER=guest ACTION=GET_SUMMARY DETAILS=platform=all
[2026-10-05T17:10:42Z] USER=guest ACTION=GET_SUMMARY DETAILS=platform=all
[2026-10-05T17:10:42Z] USER=guest ACTION=GET_SUMMARY DETAILS=platform=all
[2026-10-05T17:10:42Z] USER=guest ACTION=GET_SUMMARY DETAILS=platform=all
[2026-10-05T17:10:42Z] USER=guest ACTION=GET_SUMMARY DETAILS=platform=all
[2026-10-05T17:10:42Z] USER=guest ACTION=GET_SUMMARY DETAILS=platform=all
[2026-10-05T17:10:42Z] USER=guest ACTION=GET_SUMMARY DETAILS=platform=all
[2026-10-05T17:10:42Z] USER=guest ACTION=GET_SUMMARY DETAILS=platform=all
[2026-10-05T17:10:42Z] USER=guest ACTION=GET_SUMMARY DETAILS=platform=all
[2026-10-05T17:10:42Z] USER=guest ACTION=GET_SUMMARY DETAILS=platform=all
[2026-10-05T17:10:42Z] USER=guest ACTION=GET_SUMMARY DETAILS=platform=all
[2026-10-05T17:10:42Z] USER=guest ACTION=GET_SUMMARY DETAILS=platform=all
[2026-10-05T17:10:42Z] USER=guest ACTION=GET_SUMMARY DETAILS=platform=all
[2026-10-05T17:10:42Z] USER=guest ACTION=GET_SUMMARY DETAILS=platform=all
[2026-10-05T17:10:42Z] USER=guest ACTION=GET_SUMMARY DETAILS=platform=all
[2026-10-05T17:10:42Z] USER=guest ACTION=GET_SUMMARY DETAILS=platform=all
[2026-10-05T17:10:42Z] USER=guest ACTION=GET_SUMMARY DETAILS=platform=all
[2026-10-05T17:10:42Z] USER=guest ACTION=GET_SUMMARY DETAILS=platform=all
[2026-10-05T17:10:42Z] USER=guest ACTION=GET_SUMMARY DETAILS=platform=all
[2026-10-05T17:10:42Z] USER=guest ACTION=GET_SUMMARY DETAILS=platform=all
[2026-10-05T17:10:42Z] USER=guest ACTION=GET_SUMMARY DETAILS=platform=all
[2026-10-05T17:10:42Z] USER=guest ACTION=GET_SUMMARY DETAILS=platform=all
[2026-10-05T17:10:42Z] USER=guest ACTION=GET_SUMMARY DETAILS=platform=all
[2026-10-05T17:10:42Z] USER=guest ACTION=GET_SUMMARY DETAILS=platform=all
[2026-10-05T17:10:42Z] USER=guest ACTION=GET_SUMMARY DETAILS=platform=all
[2026-10-05T17:10:42Z] USER=guest ACTION=GET_SUMMARY DETAILS=platform=all
[2026-10-05T17:10:42Z] USER=guest ACTION=GET_SUMMARY DETAILS=platform=all
[2026-10-05T17:10:42Z] USER=guest ACTION=GET_SUMMARY DETAILS=platform=all
[2026-10-05T17:10:42Z] USER=guest ACTION=GET_SUMMARY DETAILS=platform=all
[2026-10-05T17:10:42Z] USER=guest ACTION=GET_SUMMARY DETAILS=platform=all
[2026-10-05T17:10:42Z] USER=guest ACTION=GET_SUMMARY DETAILS=platform=all
[2026-10-05T17:10:42Z] USER=guest ACTION=GET_SUMMARY DETAILS=platform=all
[2026-10-05T17:10:42Z] USER=guest ACTION=GET_SUMMARY DETAILS=platform=all
[2026-10-05T17:10:42Z] USER=guest ACTION=GET_SUMMARY DETAILS=platform=all
[2026-10-05T17:10:42Z] USER=guest ACTION=GET_SUMMARY DETAILS=platform=all
[2026-10-05T17:10:42Z] USER=guest ACTION=GET_SUMMARY DETAILS=platform=all
[2026-10-05T17:10:42Z] USER=guest ACTION=GET_SUMMARY DETAILS=platform=all
[2026-10-05T17:10:42Z] USER=guest ACTION=GET_SUMMARY DETAILS=platform=all
[2026-10-05T17:10:42Z] USER=guest ACTION=GET_SUMMARY DETAILS=platform=all
[2026-10-05T17:10:42Z] USER=guest ACTION=GET_SUMMARY DETAILS=platform=all
[2026-10-05T17:10:42Z] USER=guest ACTION=GET_SUMMARY DETAILS=platform=all
[2026-10-05T17:10:42Z] USER=guest ACTION=GET_SUMMARY DETAILS=platform=all
[2026-10-05T17:10:42Z] USER=guest ACTION=GET_SUMMARY DETAILS=platform=all
[2026-10-05T17:22:11Z] USER=guest ACTION=GET_SUMMARY DETAILS=platform=all
[2026-10-05T17:22:11Z] USER=guest ACTION=GET_SUMMARY DETAILS=platform=X
[2026-10-05T17:22:11Z] USER=invalid_user ACTION=LOGIN_FAILED DETAILS=Invalid credentials
[2026-10-05T17:22:11Z] USER=admin ACTION=LOGIN_SUCCESS DETAILS=Role=admin
[2026-10-05T17:22:11Z] USER=analyst ACTION=TEST_QUERY DETAILS=Ran validation suite
[2026-10-05T17:22:11Z] USER=guest ACTION=GET_SUMMARY DETAILS=platform=all
[2026-10-05T17:22:11Z] USER=guest ACTION=GET_SUMMARY DETAILS=platform=all
[2026-10-05T17:22:11Z] USER=guest ACTION=GET_SUMMARY DETAILS=platform=all
[2026-10-05T17:22:11Z] USER=guest ACTION=GET_SUMMARY DETAILS=platform=all
[2026-10-05T17:22:11Z] USER=guest ACTION=GET_SUMMARY DETAILS=platform=all
[2026-10-05T17:22:11Z] USER=guest ACTION=GET_SUMMARY DETAILS=platform=all
[2026-10-05T17:22:11Z] USER=guest ACTION=GET_SUMMARY DETAILS=platform=all
[2026-10-05T17:22:11Z] USER=guest ACTION=GET_SUMMARY DETAILS=platform=all
[2026-10-05T17:22:11Z] USER=guest ACTION=GET_SUMMARY DETAILS=platform=all
[2026-10-05T17:22:11Z] USER=guest ACTION=GET_SUMMARY DETAILS=platform=all
[2026-10-05T17:22:11Z] USER=guest ACTION=GET_SUMMARY DETAILS=platform=all
[2026-10-05T17:22:11Z] USER=guest ACTION=GET_SUMMARY DETAILS=platform=all
[2026-10-05T17:22:11Z] USER=guest ACTION=GET_SUMMARY DETAILS=platform=all
[2026-10-05T17:22:11Z] USER=guest ACTION=GET_SUMMARY DETAILS=platform=all
[2026-10-05T17:22:11Z] USER=guest ACTION=GET_SUMMARY DETAILS=platform=all
[2026-10-05T17:22:11Z] USER=guest ACTION=GET_SUMMARY DETAILS=platform=all
[2026-10-05T17:22:11Z] USER=guest ACTION=GET_SUMMARY DETAILS=platform=all
[2026-10-05T17:22:11Z] USER=guest ACTION=GET_SUMMARY DETAILS=platform=all
[2026-10-05T17:22:11Z] USER=guest ACTION=GET_SUMMARY DETAILS=platform=all
[2026-10-05T17:22:11Z] USER=guest ACTION=GET_SUMMARY DETAILS=platform=all
[2026-10-05T17:22:11Z] USER=guest ACTION=GET_SUMMARY DETAILS=platform=all
[2026-10-05T17:22:11Z] USER=guest ACTION=GET_SUMMARY DETAILS=platform=all
[2026-10-05T17:22:11Z] USER=guest ACTION=GET_SUMMARY DETAILS=platform=all
[2026-10-05T17:22:11Z] USER=guest ACTION=GET_SUMMARY DETAILS=platform=all
[2026-10-05T17:22:11Z] USER=guest ACTION=GET_SUMMARY DETAILS=platform=all
[2026-10-05T17:22:11Z] USER=guest ACTION=GET_SUMMARY DETAILS=platform=all
[2026-10-05T17:22:11Z] USER=guest ACTION=GET_SUMMARY DETAILS=platform=all
[2026-10-05T17:22:11Z] USER=guest ACTION=GET_SUMMARY DETAILS=platform=all
[2026-10-05T17:22:11Z] USER=guest ACTION=GET_SUMMARY DETAILS=platform=all
[2026-10-05T17:22:11Z] USER=guest ACTION=GET_SUMMARY DETAILS=platform=all
[2026-10-05T17:22:11Z] USER=guest ACTION=GET_SUMMARY DETAILS=platform=all
[2026-10-05T17:22:11Z] USER=guest ACTION=GET_SUMMARY DETAILS=platform=all
[2026-10-05T17:22:11Z] USER=guest ACTION=GET_SUMMARY DETAILS=platform=all
[2026-10-05T17:22:11Z] USER=guest ACTION=GET_SUMMARY DETAILS=platform=all
[2026-10-05T17:22:11Z] USER=guest ACTION=GET_SUMMARY DETAILS=platform=all
[2026-10-05T17:22:11Z] USER=guest ACTION=GET_SUMMARY DETAILS=platform=all
[2026-10-05T17:22:11Z] USER=guest ACTION=GET_SUMMARY DETAILS=platform=all
[2026-10-05T17:22:11Z] USER=guest ACTION=GET_SUMMARY DETAILS=platform=all
[2026-10-05T17:22:11Z] USER=guest ACTION=GET_SUMMARY DETAILS=platform=all
[2026-10-05T17:22:11Z] USER=guest ACTION=GET_SUMMARY DETAILS=platform=all
[2026-10-05T17:22:11Z] USER=guest ACTION=GET_SUMMARY DETAILS=platform=all
[2026-10-05T17:22:11Z] USER=guest ACTION=GET_SUMMARY DETAILS=platform=all
[2026-10-05T17:22:11Z] USER=guest ACTION=GET_SUMMARY DETAILS=platform=all
[2026-10-05T17:22:11Z] USER=guest ACTION=GET_SUMMARY DETAILS=platform=all
[2026-10-05T17:22:11Z] USER=guest ACTION=GET_SUMMARY DETAILS=platform=all
[2026-10-05T17:22:11Z] USER=guest ACTION=GET_SUMMARY DETAILS=platform=all
[2026-10-05T17:22:11Z] USER=guest ACTION=GET_SUMMARY DETAILS=platform=all
[2026-10-05T17:22:11Z] USER=guest ACTION=GET_SUMMARY DETAILS=platform=all
[2026-10-05T17:22:11Z] USER=guest ACTION=GET_SUMMARY DETAILS=platform=all
[2026-10-05T17:22:11Z] USER=guest ACTION=GET_SUMMARY DETAILS=platform=all
[2026-10-05T17:22:44Z] USER=guest ACTION=GET_SUMMARY DETAILS=platform=all
[2026-10-05T17:22:44Z] USER=guest ACTION=GET_SUMMARY DETAILS=platform=X
[2026-10-05T17:22:44Z] USER=invalid_user ACTION=LOGIN_FAILED DETAILS=Invalid credentials
[2026-10-05T17:22:44Z] USER=admin ACTION=LOGIN_SUCCESS DETAILS=Role=admin
[2026-10-05T17:22:44Z] USER=analyst ACTION=TEST_QUERY DETAILS=Ran validation suite
[2026-10-05T17:22:44Z] USER=guest ACTION=GET_SUMMARY DETAILS=platform=all
[2026-10-05T17:22:44Z] USER=guest ACTION=GET_SUMMARY DETAILS=platform=all
[2026-10-05T17:22:44Z] USER=guest ACTION=GET_SUMMARY DETAILS=platform=all
[2026-10-05T17:22:44Z] USER=guest ACTION=GET_SUMMARY DETAILS=platform=all
[2026-10-05T17:22:44Z] USER=guest ACTION=GET_SUMMARY DETAILS=platform=all
[2026-10-05T17:22:44Z] USER=guest ACTION=GET_SUMMARY DETAILS=platform=all
[2026-10-05T17:22:44Z] USER=guest ACTION=GET_SUMMARY DETAILS=platform=all
[2026-10-05T17:22:44Z] USER=guest ACTION=GET_SUMMARY DETAILS=platform=all
[2026-10-05T17:22:44Z] USER=guest ACTION=GET_SUMMARY DETAILS=platform=all
[2026-10-05T17:22:44Z] USER=guest ACTION=GET_SUMMARY DETAILS=platform=all
[2026-10-05T17:22:44Z] USER=guest ACTION=GET_SUMMARY DETAILS=platform=all
[2026-10-05T17:22:44Z] USER=guest ACTION=GET_SUMMARY DETAILS=platform=all
[2026-10-05T17:22:44Z] USER=guest ACTION=GET_SUMMARY DETAILS=platform=all
[2026-10-05T17:22:44Z] USER=guest ACTION=GET_SUMMARY DETAILS=platform=all
[2026-10-05T17:22:44Z] USER=guest ACTION=GET_SUMMARY DETAILS=platform=all
[2026-10-05T17:22:44Z] USER=guest ACTION=GET_SUMMARY DETAILS=platform=all
[2026-10-05T17:22:44Z] USER=guest ACTION=GET_SUMMARY DETAILS=platform=all
[2026-10-05T17:22:44Z] USER=guest ACTION=GET_SUMMARY DETAILS=platform=all
[2026-10-05T17:22:44Z] USER=guest ACTION=GET_SUMMARY DETAILS=platform=all
[2026-10-05T17:22:44Z] USER=guest ACTION=GET_SUMMARY DETAILS=platform=all
[2026-10-05T17:22:44Z] USER=guest ACTION=GET_SUMMARY DETAILS=platform=all
[2026-10-05T17:22:44Z] USER=guest ACTION=GET_SUMMARY DETAILS=platform=all
[2026-10-05T17:22:44Z] USER=guest ACTION=GET_SUMMARY DETAILS=platform=all
[2026-10-05T17:22:44Z] USER=guest ACTION=GET_SUMMARY DETAILS=platform=all
[2026-10-05T17:22:44Z] USER=guest ACTION=GET_SUMMARY DETAILS=platform=all
[2026-10-05T17:22:44Z] USER=guest ACTION=GET_SUMMARY DETAILS=platform=all
[2026-10-05T17:22:44Z] USER=guest ACTION=GET_SUMMARY DETAILS=platform=all
[2026-10-05T17:22:44Z] USER=guest ACTION=GET_SUMMARY DETAILS=platform=all
[2026-10-05T17:22:44Z] USER=guest ACTION=GET_SUMMARY DETAILS=platform=all
[2026-10-05T17:22:44Z] USER=guest ACTION=GET_SUMMARY DETAILS=platform=all
[2026-10-05T17:22:44Z] USER=guest ACTION=GET_SUMMARY DETAILS=platform=all
[2026-10-05T17:22:44Z] USER=guest ACTION=GET_SUMMARY DETAILS=platform=all
[2026-10-05T17:22:44Z] USER=guest ACTION=GET_SUMMARY DETAILS=platform=all
[2026-10-05T17:22:44Z] USER=guest ACTION=GET_SUMMARY DETAILS=platform=all
[2026-10-05T17:22:44Z] USER=guest ACTION=GET_SUMMARY DETAILS=platform=all
[2026-10-05T17:22:44Z] USER=guest ACTION=GET_SUMMARY DETAILS=platform=all
[2026-10-05T17:22:44Z] USER=guest ACTION=GET_SUMMARY DETAILS=platform=all
[2026-10-05T17:22:44Z] USER=guest ACTION=GET_SUMMARY DETAILS=platform=all
[2026-10-05T17:22:44Z] USER=guest ACTION=GET_SUMMARY DETAILS=platform=all
[2026-10-05T17:22:44Z] USER=guest ACTION=GET_SUMMARY DETAILS=platform=all
[2026-10-05T17:22:44Z] USER=guest ACTION=GET_SUMMARY DETAILS=platform=all
[2026-10-05T17:22:44Z] USER=guest ACTION=GET_SUMMARY DETAILS=platform=all
[2026-10-05T17:22:44Z] USER=guest ACTION=GET_SUMMARY DETAILS=platform=all
[2026-10-05T17:22:44Z] USER=guest ACTION=GET_SUMMARY DETAILS=platform=all
[2026-10-05T17:22:44Z] USER=guest ACTION=GET_SUMMARY DETAILS=platform=all
[2026-10-05T17:22:44Z] USER=guest ACTION=GET_SUMMARY DETAILS=platform=all
[2026-10-05T17:22:44Z] USER=guest ACTION=GET_SUMMARY DETAILS=platform=all
[2026-10-05T17:22:44Z] USER=guest ACTION=GET_SUMMARY DETAILS=platform=all
[2026-10-05T17:22:44Z] USER=guest ACTION=GET_SUMMARY DETAILS=platform=all
[2026-10-05T17:22:44Z] USER=guest ACTION=GET_SUMMARY DETAILS=platform=all
[2026-10-05T17:23:23Z] USER=guest ACTION=GET_SUMMARY DETAILS=platform=all
[2026-10-05T17:23:23Z] USER=guest ACTION=GET_SUMMARY DETAILS=platform=X
[2026-10-05T17:23:23Z] USER=invalid_user ACTION=LOGIN_FAILED DETAILS=Invalid credentials
[2026-10-05T17:23:23Z] USER=admin ACTION=LOGIN_SUCCESS DETAILS=Role=admin
[2026-10-05T17:23:23Z] USER=analyst ACTION=TEST_QUERY DETAILS=Ran validation suite
[2026-10-05T17:23:23Z] USER=guest ACTION=GET_SUMMARY DETAILS=platform=all
[2026-10-05T17:23:23Z] USER=guest ACTION=GET_SUMMARY DETAILS=platform=all
[2026-10-05T17:23:23Z] USER=guest ACTION=GET_SUMMARY DETAILS=platform=all
[2026-10-05T17:23:23Z] USER=guest ACTION=GET_SUMMARY DETAILS=platform=all
[2026-10-05T17:23:23Z] USER=guest ACTION=GET_SUMMARY DETAILS=platform=all
[2026-10-05T17:23:23Z] USER=guest ACTION=GET_SUMMARY DETAILS=platform=all
[2026-10-05T17:23:23Z] USER=guest ACTION=GET_SUMMARY DETAILS=platform=all
[2026-10-05T17:23:23Z] USER=guest ACTION=GET_SUMMARY DETAILS=platform=all
[2026-10-05T17:23:23Z] USER=guest ACTION=GET_SUMMARY DETAILS=platform=all
[2026-10-05T17:23:23Z] USER=guest ACTION=GET_SUMMARY DETAILS=platform=all
[2026-10-05T17:23:23Z] USER=guest ACTION=GET_SUMMARY DETAILS=platform=all
[2026-10-05T17:23:23Z] USER=guest ACTION=GET_SUMMARY DETAILS=platform=all
[2026-10-05T17:23:23Z] USER=guest ACTION=GET_SUMMARY DETAILS=platform=all
[2026-10-05T17:23:23Z] USER=guest ACTION=GET_SUMMARY DETAILS=platform=all
[2026-10-05T17:23:23Z] USER=guest ACTION=GET_SUMMARY DETAILS=platform=all
[2026-10-05T17:23:23Z] USER=guest ACTION=GET_SUMMARY DETAILS=platform=all
[2026-10-05T17:23:23Z] USER=guest ACTION=GET_SUMMARY DETAILS=platform=all
[2026-10-05T17:23:23Z] USER=guest ACTION=GET_SUMMARY DETAILS=platform=all
[2026-10-05T17:23:23Z] USER=guest ACTION=GET_SUMMARY DETAILS=platform=all
[2026-10-05T17:23:23Z] USER=guest ACTION=GET_SUMMARY DETAILS=platform=all
[2026-10-05T17:23:23Z] USER=guest ACTION=GET_SUMMARY DETAILS=platform=all
[2026-10-05T17:23:23Z] USER=guest ACTION=GET_SUMMARY DETAILS=platform=all
[2026-10-05T17:23:23Z] USER=guest ACTION=GET_SUMMARY DETAILS=platform=all
[2026-10-05T17:23:23Z] USER=guest ACTION=GET_SUMMARY DETAILS=platform=all
[2026-10-05T17:23:23Z] USER=guest ACTION=GET_SUMMARY DETAILS=platform=all
[2026-10-05T17:23:23Z] USER=guest ACTION=GET_SUMMARY DETAILS=platform=all
[2026-10-05T17:23:23Z] USER=guest ACTION=GET_SUMMARY DETAILS=platform=all
[2026-10-05T17:23:23Z] USER=guest ACTION=GET_SUMMARY DETAILS=platform=all
[2026-10-05T17:23:23Z] USER=guest ACTION=GET_SUMMARY DETAILS=platform=all
[2026-10-05T17:23:23Z] USER=guest ACTION=GET_SUMMARY DETAILS=platform=all
[2026-10-05T17:23:23Z] USER=guest ACTION=GET_SUMMARY DETAILS=platform=all
[2026-10-05T17:23:23Z] USER=guest ACTION=GET_SUMMARY DETAILS=platform=all
[2026-10-05T17:23:23Z] USER=guest ACTION=GET_SUMMARY DETAILS=platform=all
[2026-10-05T17:23:23Z] USER=guest ACTION=GET_SUMMARY DETAILS=platform=all
[2026-10-05T17:23:23Z] USER=guest ACTION=GET_SUMMARY DETAILS=platform=all
[2026-10-05T17:23:23Z] USER=guest ACTION=GET_SUMMARY DETAILS=platform=all
[2026-10-05T17:23:23Z] USER=guest ACTION=GET_SUMMARY DETAILS=platform=all
[2026-10-05T17:23:23Z] USER=guest ACTION=GET_SUMMARY DETAILS=platform=all
[2026-10-05T17:23:23Z] USER=guest ACTION=GET_SUMMARY DETAILS=platform=all
[2026-10-05T17:23:23Z] USER=guest ACTION=GET_SUMMARY DETAILS=platform=all
[2026-10-05T17:23:23Z] USER=guest ACTION=GET_SUMMARY DETAILS=platform=all
[2026-10-05T17:23:23Z] USER=guest ACTION=GET_SUMMARY DETAILS=platform=all
[2026-10-05T17:23:23Z] USER=guest ACTION=GET_SUMMARY DETAILS=platform=all
[2026-10-05T17:23:23Z] USER=guest ACTION=GET_SUMMARY DETAILS=platform=all
[2026-10-05T17:23:23Z] USER=guest ACTION=GET_SUMMARY DETAILS=platform=all
[2026-10-05T17:23:23Z] USER=guest ACTION=GET_SUMMARY DETAILS=platform=all
[2026-10-05T17:23:23Z] USER=guest ACTION=GET_SUMMARY DETAILS=platform=all
[2026-10-05T17:23:23Z] USER=guest ACTION=GET_SUMMARY DETAILS=platform=all
[2026-10-05T17:23:23Z] USER=guest ACTION=GET_SUMMARY DETAILS=platform=all
[2026-10-05T17:23:23Z] USER=guest ACTION=GET_SUMMARY DETAILS=platform=all
[2026-10-05T17:23:24Z] USER=guest ACTION=GET_SUMMARY DETAILS=platform=all
[2026-10-05T17:27:44Z] USER=guest ACTION=GET_SUMMARY DETAILS=platform=all
[2026-10-05T17:27:44Z] USER=guest ACTION=GET_SUMMARY DETAILS=platform=X
[2026-10-05T17:27:44Z] USER=invalid_user ACTION=LOGIN_FAILED DETAILS=Invalid credentials
[2026-10-05T17:27:44Z] USER=admin ACTION=LOGIN_SUCCESS DETAILS=Role=admin
[2026-10-05T17:27:44Z] USER=analyst ACTION=TEST_QUERY DETAILS=Ran validation suite
[2026-10-05T17:27:44Z] USER=guest ACTION=GET_SUMMARY DETAILS=platform=all
[2026-10-05T17:27:44Z] USER=guest ACTION=GET_SUMMARY DETAILS=platform=all
[2026-10-05T17:27:44Z] USER=guest ACTION=GET_SUMMARY DETAILS=platform=all
[2026-10-05T17:27:44Z] USER=guest ACTION=GET_SUMMARY DETAILS=platform=all
[2026-10-05T17:27:44Z] USER=guest ACTION=GET_SUMMARY DETAILS=platform=all
[2026-10-05T17:27:44Z] USER=guest ACTION=GET_SUMMARY DETAILS=platform=all
[2026-10-05T17:27:44Z] USER=guest ACTION=GET_SUMMARY DETAILS=platform=all
[2026-10-05T17:27:44Z] USER=guest ACTION=GET_SUMMARY DETAILS=platform=all
[2026-10-05T17:27:44Z] USER=guest ACTION=GET_SUMMARY DETAILS=platform=all
[2026-10-05T17:27:44Z] USER=guest ACTION=GET_SUMMARY DETAILS=platform=all
[2026-10-05T17:27:44Z] USER=guest ACTION=GET_SUMMARY DETAILS=platform=all
[2026-10-05T17:27:44Z] USER=guest ACTION=GET_SUMMARY DETAILS=platform=all
[2026-10-05T17:27:44Z] USER=guest ACTION=GET_SUMMARY DETAILS=platform=all
[2026-10-05T17:27:44Z] USER=guest ACTION=GET_SUMMARY DETAILS=platform=all
[2026-10-05T17:27:44Z] USER=guest ACTION=GET_SUMMARY DETAILS=platform=all
[2026-10-05T17:27:44Z] USER=guest ACTION=GET_SUMMARY DETAILS=platform=all
[2026-10-05T17:27:44Z] USER=guest ACTION=GET_SUMMARY DETAILS=platform=all
[2026-10-05T17:27:44Z] USER=guest ACTION=GET_SUMMARY DETAILS=platform=all
[2026-10-05T17:27:44Z] USER=guest ACTION=GET_SUMMARY DETAILS=platform=all
[2026-10-05T17:27:44Z] USER=guest ACTION=GET_SUMMARY DETAILS=platform=all
[2026-10-05T17:27:44Z] USER=guest ACTION=GET_SUMMARY DETAILS=platform=all
[2026-10-05T17:27:44Z] USER=guest ACTION=GET_SUMMARY DETAILS=platform=all
[2026-10-05T17:27:44Z] USER=guest ACTION=GET_SUMMARY DETAILS=platform=all
[2026-10-05T17:27:44Z] USER=guest ACTION=GET_SUMMARY DETAILS=platform=all
[2026-10-05T17:27:44Z] USER=guest ACTION=GET_SUMMARY DETAILS=platform=all
[2026-10-05T17:27:44Z] USER=guest ACTION=GET_SUMMARY DETAILS=platform=all
[2026-10-05T17:27:44Z] USER=guest ACTION=GET_SUMMARY DETAILS=platform=all
[2026-10-05T17:27:44Z] USER=guest ACTION=GET_SUMMARY DETAILS=platform=all
[2026-10-05T17:27:44Z] USER=guest ACTION=GET_SUMMARY DETAILS=platform=all
[2026-10-05T17:27:44Z] USER=guest ACTION=GET_SUMMARY DETAILS=platform=all
[2026-10-05T17:27:44Z] USER=guest ACTION=GET_SUMMARY DETAILS=platform=all
[2026-10-05T17:27:44Z] USER=guest ACTION=GET_SUMMARY DETAILS=platform=all
[2026-10-05T17:27:44Z] USER=guest ACTION=GET_SUMMARY DETAILS=platform=all
[2026-10-05T17:27:44Z] USER=guest ACTION=GET_SUMMARY DETAILS=platform=all
[2026-10-05T17:27:44Z] USER=guest ACTION=GET_SUMMARY DETAILS=platform=all
[2026-10-05T17:27:44Z] USER=guest ACTION=GET_SUMMARY DETAILS=platform=all
[2026-10-05T17:27:44Z] USER=guest ACTION=GET_SUMMARY DETAILS=platform=all
[2026-10-05T17:27:44Z] USER=guest ACTION=GET_SUMMARY DETAILS=platform=all
[2026-10-05T17:27:44Z] USER=guest ACTION=GET_SUMMARY DETAILS=platform=all
[2026-10-05T17:27:44Z] USER=guest ACTION=GET_SUMMARY DETAILS=platform=all
[2026-10-05T17:27:44Z] USER=guest ACTION=GET_SUMMARY DETAILS=platform=all
[2026-10-05T17:27:44Z] USER=guest ACTION=GET_SUMMARY DETAILS=platform=all
[2026-10-05T17:27:44Z] USER=guest ACTION=GET_SUMMARY DETAILS=platform=all
[2026-10-05T17:27:44Z] USER=guest ACTION=GET_SUMMARY DETAILS=platform=all
[2026-10-05T17:27:44Z] USER=guest ACTION=GET_SUMMARY DETAILS=platform=all
[2026-10-05T17:27:44Z] USER=guest ACTION=GET_SUMMARY DETAILS=platform=all
[2026-10-05T17:27:44Z] USER=guest ACTION=GET_SUMMARY DETAILS=platform=all
[2026-10-05T17:27:44Z] USER=guest ACTION=GET_SUMMARY DETAILS=platform=all
[2026-10-05T17:27:44Z] USER=guest ACTION=GET_SUMMARY DETAILS=platform=all
[2026-10-05T17:27:44Z] USER=guest ACTION=GET_SUMMARY DETAILS=platform=all
[2026-10-05T17:28:00Z] USER=guest ACTION=GET_SUMMARY DETAILS=platform=all
[2026-10-05T17:28:00Z] USER=guest ACTION=GET_SUMMARY DETAILS=platform=X
[2026-10-05T17:28:00Z] USER=invalid_user ACTION=LOGIN_FAILED DETAILS=Invalid credentials
[2026-10-05T17:28:00Z] USER=admin ACTION=LOGIN_SUCCESS DETAILS=Role=admin
[2026-10-05T17:28:00Z] USER=analyst ACTION=TEST_QUERY DETAILS=Ran validation suite
[2026-10-05T17:28:00Z] USER=guest ACTION=GET_SUMMARY DETAILS=platform=all
[2026-10-05T17:28:00Z] USER=guest ACTION=GET_SUMMARY DETAILS=platform=all
[2026-10-05T17:28:00Z] USER=guest ACTION=GET_SUMMARY DETAILS=platform=all
[2026-10-05T17:28:00Z] USER=guest ACTION=GET_SUMMARY DETAILS=platform=all
[2026-10-05T17:28:00Z] USER=guest ACTION=GET_SUMMARY DETAILS=platform=all
[2026-10-05T17:28:00Z] USER=guest ACTION=GET_SUMMARY DETAILS=platform=all
[2026-10-05T17:28:00Z] USER=guest ACTION=GET_SUMMARY DETAILS=platform=all
[2026-10-05T17:28:00Z] USER=guest ACTION=GET_SUMMARY DETAILS=platform=all
[2026-10-05T17:28:00Z] USER=guest ACTION=GET_SUMMARY DETAILS=platform=all
[2026-10-05T17:28:00Z] USER=guest ACTION=GET_SUMMARY DETAILS=platform=all
[2026-10-05T17:28:00Z] USER=guest ACTION=GET_SUMMARY DETAILS=platform=all
[2026-10-05T17:28:00Z] USER=guest ACTION=GET_SUMMARY DETAILS=platform=all
[2026-10-05T17:28:00Z] USER=guest ACTION=GET_SUMMARY DETAILS=platform=all
[2026-10-05T17:28:00Z] USER=guest ACTION=GET_SUMMARY DETAILS=platform=all
[2026-10-05T17:28:00Z] USER=guest ACTION=GET_SUMMARY DETAILS=platform=all
[2026-10-05T17:28:00Z] USER=guest ACTION=GET_SUMMARY DETAILS=platform=all
[2026-10-05T17:28:00Z] USER=guest ACTION=GET_SUMMARY DETAILS=platform=all
[2026-10-05T17:28:00Z] USER=guest ACTION=GET_SUMMARY DETAILS=platform=all
[2026-10-05T17:28:00Z] USER=guest ACTION=GET_SUMMARY DETAILS=platform=all
[2026-10-05T17:28:00Z] USER=guest ACTION=GET_SUMMARY DETAILS=platform=all
[2026-10-05T17:28:00Z] USER=guest ACTION=GET_SUMMARY DETAILS=platform=all
[2026-10-05T17:28:00Z] USER=guest ACTION=GET_SUMMARY DETAILS=platform=all
[2026-10-05T17:28:00Z] USER=guest ACTION=GET_SUMMARY DETAILS=platform=all
[2026-10-05T17:28:00Z] USER=guest ACTION=GET_SUMMARY DETAILS=platform=all
[2026-10-05T17:28:00Z] USER=guest ACTION=GET_SUMMARY DETAILS=platform=all
[2026-10-05T17:28:00Z] USER=guest ACTION=GET_SUMMARY DETAILS=platform=all
[2026-10-05T17:28:00Z] USER=guest ACTION=GET_SUMMARY DETAILS=platform=all
[2026-10-05T17:28:00Z] USER=guest ACTION=GET_SUMMARY DETAILS=platform=all
[2026-10-05T17:28:00Z] USER=guest ACTION=GET_SUMMARY DETAILS=platform=all
[2026-10-05T17:28:00Z] USER=guest ACTION=GET_SUMMARY DETAILS=platform=all
[2026-10-05T17:28:00Z] USER=guest ACTION=GET_SUMMARY DETAILS=platform=all
[2026-10-05T17:28:00Z] USER=guest ACTION=GET_SUMMARY DETAILS=platform=all
[2026-10-05T17:28:00Z] USER=guest ACTION=GET_SUMMARY DETAILS=platform=all
[2026-10-05T17:28:00Z] USER=guest ACTION=GET_SUMMARY DETAILS=platform=all
[2026-10-05T17:28:00Z] USER=guest ACTION=GET_SUMMARY DETAILS=platform=all
[2026-10-05T17:28:00Z] USER=guest ACTION=GET_SUMMARY DETAILS=platform=all
[2026-10-05T17:28:00Z] USER=guest ACTION=GET_SUMMARY DETAILS=platform=all
[2026-10-05T17:28:00Z] USER=guest ACTION=GET_SUMMARY DETAILS=platform=all
[2026-10-05T17:28:00Z] USER=guest ACTION=GET_SUMMARY DETAILS=platform=all
[2026-10-05T17:28:00Z] USER=guest ACTION=GET_SUMMARY DETAILS=platform=all
[2026-10-05T17:28:00Z] USER=guest ACTION=GET_SUMMARY DETAILS=platform=all
[2026-10-05T17:28:00Z] USER=guest ACTION=GET_SUMMARY DETAILS=platform=all
[2026-10-05T17:28:00Z] USER=guest ACTION=GET_SUMMARY DETAILS=platform=all
[2026-10-05T17:28:00Z] USER=guest ACTION=GET_SUMMARY DETAILS=platform=all
[2026-10-05T17:28:00Z] USER=guest ACTION=GET_SUMMARY DETAILS=platform=all
[2026-10-05T17:28:00Z] USER=guest ACTION=GET_SUMMARY DETAILS=platform=all
[2026-10-05T17:28:00Z] USER=guest ACTION=GET_SUMMARY DETAILS=platform=all
[2026-10-05T17:28:00Z] USER=guest ACTION=GET_SUMMARY DETAILS=platform=all
[2026-10-05T17:28:00Z] USER=guest ACTION=GET_SUMMARY DETAILS=platform=all
[2026-10-05T17:28:00Z] USER=guest ACTION=GET_SUMMARY DETAILS=platform=all
[2026-10-05T17:28:01Z] USER=guest ACTION=GET_SUMMARY DETAILS=platform=all
[2026-10-05T17:40:37Z] USER=guest ACTION=GET_SUMMARY DETAILS=platform=all
[2026-10-05T17:40:37Z] USER=guest ACTION=GET_SUMMARY DETAILS=platform=X
[2026-10-05T17:40:37Z] USER=invalid_user ACTION=LOGIN_FAILED DETAILS=Invalid credentials
[2026-10-05T17:40:37Z] USER=admin ACTION=LOGIN_SUCCESS DETAILS=Role=admin
[2026-10-05T17:40:37Z] USER=analyst ACTION=TEST_QUERY DETAILS=Ran validation suite
[2026-10-05T17:40:37Z] USER=guest ACTION=GET_SUMMARY DETAILS=platform=all
[2026-10-05T17:40:37Z] USER=guest ACTION=GET_SUMMARY DETAILS=platform=all
[2026-10-05T17:40:37Z] USER=guest ACTION=GET_SUMMARY DETAILS=platform=all
[2026-10-05T17:40:37Z] USER=guest ACTION=GET_SUMMARY DETAILS=platform=all
[2026-10-05T17:40:37Z] USER=guest ACTION=GET_SUMMARY DETAILS=platform=all
[2026-10-05T17:40:37Z] USER=guest ACTION=GET_SUMMARY DETAILS=platform=all
[2026-10-05T17:40:37Z] USER=guest ACTION=GET_SUMMARY DETAILS=platform=all
[2026-10-05T17:40:37Z] USER=guest ACTION=GET_SUMMARY DETAILS=platform=all
[2026-10-05T17:40:37Z] USER=guest ACTION=GET_SUMMARY DETAILS=platform=all
[2026-10-05T17:40:37Z] USER=guest ACTION=GET_SUMMARY DETAILS=platform=all
[2026-10-05T17:40:37Z] USER=guest ACTION=GET_SUMMARY DETAILS=platform=all
[2026-10-05T17:40:37Z] USER=guest ACTION=GET_SUMMARY DETAILS=platform=all
[2026-10-05T17:40:37Z] USER=guest ACTION=GET_SUMMARY DETAILS=platform=all
[2026-10-05T17:40:37Z] USER=guest ACTION=GET_SUMMARY DETAILS=platform=all
[2026-10-05T17:40:37Z] USER=guest ACTION=GET_SUMMARY DETAILS=platform=all
[2026-10-05T17:40:37Z] USER=guest ACTION=GET_SUMMARY DETAILS=platform=all
[2026-10-05T17:40:37Z] USER=guest ACTION=GET_SUMMARY DETAILS=platform=all
[2026-10-05T17:40:37Z] USER=guest ACTION=GET_SUMMARY DETAILS=platform=all
[2026-10-05T17:40:37Z] USER=guest ACTION=GET_SUMMARY DETAILS=platform=all
[2026-10-05T17:40:37Z] USER=guest ACTION=GET_SUMMARY DETAILS=platform=all
[2026-10-05T17:40:37Z] USER=guest ACTION=GET_SUMMARY DETAILS=platform=all
[2026-10-05T17:40:37Z] USER=guest ACTION=GET_SUMMARY DETAILS=platform=all
[2026-10-05T17:40:37Z] USER=guest ACTION=GET_SUMMARY DETAILS=platform=all
[2026-10-05T17:40:37Z] USER=guest ACTION=GET_SUMMARY DETAILS=platform=all
[2026-10-05T17:40:37Z] USER=guest ACTION=GET_SUMMARY DETAILS=platform=all
[2026-10-05T17:40:37Z] USER=guest ACTION=GET_SUMMARY DETAILS=platform=all
[2026-10-05T17:40:37Z] USER=guest ACTION=GET_SUMMARY DETAILS=platform=all
[2026-10-05T17:40:37Z] USER=guest ACTION=GET_SUMMARY DETAILS=platform=all
[2026-10-05T17:40:37Z] USER=guest ACTION=GET_SUMMARY DETAILS=platform=all
[2026-10-05T17:40:37Z] USER=guest ACTION=GET_SUMMARY DETAILS=platform=all
[2026-10-05T17:40:37Z] USER=guest ACTION=GET_SUMMARY DETAILS=platform=all
[2026-10-05T17:40:37Z] USER=guest ACTION=GET_SUMMARY DETAILS=platform=all
[2026-10-05T17:40:37Z] USER=guest ACTION=GET_SUMMARY DETAILS=platform=all
[2026-10-05T17:40:37Z] USER=guest ACTION=GET_SUMMARY DETAILS=platform=all
[2026-10-05T17:40:37Z] USER=guest ACTION=GET_SUMMARY DETAILS=platform=all
[2026-10-05T17:40:37Z] USER=guest ACTION=GET_SUMMARY DETAILS=platform=all
[2026-10-05T17:40:37Z] USER=guest ACTION=GET_SUMMARY DETAILS=platform=all
[2026-10-05T17:40:37Z] USER=guest ACTION=GET_SUMMARY DETAILS=platform=all
[2026-10-05T17:40:37Z] USER=guest ACTION=GET_SUMMARY DETAILS=platform=all
[2026-10-05T17:40:37Z] USER=guest ACTION=GET_SUMMARY DETAILS=platform=all
[2026-10-05T17:40:37Z] USER=guest ACTION=GET_SUMMARY DETAILS=platform=all
[2026-10-05T17:40:37Z] USER=guest ACTION=GET_SUMMARY DETAILS=platform=all
[2026-10-05T17:40:37Z] USER=guest ACTION=GET_SUMMARY DETAILS=platform=all
[2026-10-05T17:40:37Z] USER=guest ACTION=GET_SUMMARY DETAILS=platform=all
[2026-10-05T17:40:37Z] USER=guest ACTION=GET_SUMMARY DETAILS=platform=all
[2026-10-05T17:40:37Z] USER=guest ACTION=GET_SUMMARY DETAILS=platform=all
[2026-10-05T17:40:37Z] USER=guest ACTION=GET_SUMMARY DETAILS=platform=all
[2026-10-05T17:40:37Z] USER=guest ACTION=GET_SUMMARY DETAILS=platform=all
[2026-10-05T17:40:37Z] USER=guest ACTION=GET_SUMMARY DETAILS=platform=all
[2026-10-05T17:40:37Z] USER=guest ACTION=GET_SUMMARY DETAILS=platform=all
[2026-10-05T17:41:05Z] USER=guest ACTION=GET_SUMMARY DETAILS=platform=all
[2026-10-05T17:41:05Z] USER=guest ACTION=GET_SUMMARY DETAILS=platform=X
[2026-10-05T17:41:05Z] USER=invalid_user ACTION=LOGIN_FAILED DETAILS=Invalid credentials
[2026-10-05T17:41:05Z] USER=admin ACTION=LOGIN_SUCCESS DETAILS=Role=admin
[2026-10-05T17:41:05Z] USER=analyst ACTION=TEST_QUERY DETAILS=Ran validation suite
[2026-10-05T17:41:05Z] USER=guest ACTION=GET_SUMMARY DETAILS=platform=all
[2026-10-05T17:41:05Z] USER=guest ACTION=GET_SUMMARY DETAILS=platform=all
[2026-10-05T17:41:05Z] USER=guest ACTION=GET_SUMMARY DETAILS=platform=all
[2026-10-05T17:41:05Z] USER=guest ACTION=GET_SUMMARY DETAILS=platform=all
[2026-10-05T17:41:05Z] USER=guest ACTION=GET_SUMMARY DETAILS=platform=all
[2026-10-05T17:41:05Z] USER=guest ACTION=GET_SUMMARY DETAILS=platform=all
[2026-10-05T17:41:05Z] USER=guest ACTION=GET_SUMMARY DETAILS=platform=all
[2026-10-05T17:41:05Z] USER=guest ACTION=GET_SUMMARY DETAILS=platform=all
[2026-10-05T17:41:05Z] USER=guest ACTION=GET_SUMMARY DETAILS=platform=all
[2026-10-05T17:41:05Z] USER=guest ACTION=GET_SUMMARY DETAILS=platform=all
[2026-10-05T17:41:05Z] USER=guest ACTION=GET_SUMMARY DETAILS=platform=all
[2026-10-05T17:41:05Z] USER=guest ACTION=GET_SUMMARY DETAILS=platform=all
[2026-10-05T17:41:05Z] USER=guest ACTION=GET_SUMMARY DETAILS=platform=all
[2026-10-05T17:41:05Z] USER=guest ACTION=GET_SUMMARY DETAILS=platform=all
[2026-10-05T17:41:05Z] USER=guest ACTION=GET_SUMMARY DETAILS=platform=all
[2026-10-05T17:41:05Z] USER=guest ACTION=GET_SUMMARY DETAILS=platform=all
[2026-10-05T17:41:05Z] USER=guest ACTION=GET_SUMMARY DETAILS=platform=all
[2026-10-05T17:41:05Z] USER=guest ACTION=GET_SUMMARY DETAILS=platform=all
[2026-10-05T17:41:05Z] USER=guest ACTION=GET_SUMMARY DETAILS=platform=all
[2026-10-05T17:41:05Z] USER=guest ACTION=GET_SUMMARY DETAILS=platform=all
[2026-10-05T17:41:05Z] USER=guest ACTION=GET_SUMMARY DETAILS=platform=all
[2026-10-05T17:41:05Z] USER=guest ACTION=GET_SUMMARY DETAILS=platform=all
[2026-10-05T17:41:05Z] USER=guest ACTION=GET_SUMMARY DETAILS=platform=all
[2026-10-05T17:41:05Z] USER=guest ACTION=GET_SUMMARY DETAILS=platform=all
[2026-10-05T17:41:05Z] USER=guest ACTION=GET_SUMMARY DETAILS=platform=all
[2026-10-05T17:41:05Z] USER=guest ACTION=GET_SUMMARY DETAILS=platform=all
[2026-10-05T17:41:05Z] USER=guest ACTION=GET_SUMMARY DETAILS=platform=all
[2026-10-05T17:41:05Z] USER=guest ACTION=GET_SUMMARY DETAILS=platform=all
[2026-10-05T17:41:05Z] USER=guest ACTION=GET_SUMMARY DETAILS=platform=all
[2026-10-05T17:41:05Z] USER=guest ACTION=GET_SUMMARY DETAILS=platform=all
[2026-10-05T17:41:05Z] USER=guest ACTION=GET_SUMMARY DETAILS=platform=all
[2026-10-05T17:41:05Z] USER=guest ACTION=GET_SUMMARY DETAILS=platform=all
[2026-10-05T17:41:05Z] USER=guest ACTION=GET_SUMMARY DETAILS=platform=all
[2026-10-05T17:41:05Z] USER=guest ACTION=GET_SUMMARY DETAILS=platform=all
[2026-10-05T17:41:05Z] USER=guest ACTION=GET_SUMMARY DETAILS=platform=all
[2026-10-05T17:41:05Z] USER=guest ACTION=GET_SUMMARY DETAILS=platform=all
[2026-10-05T17:41:05Z] USER=guest ACTION=GET_SUMMARY DETAILS=platform=all
[2026-10-05T17:41:05Z] USER=guest ACTION=GET_SUMMARY DETAILS=platform=all
[2026-10-05T17:41:05Z] USER=guest ACTION=GET_SUMMARY DETAILS=platform=all
[2026-10-05T17:41:05Z] USER=guest ACTION=GET_SUMMARY DETAILS=platform=all
[2026-10-05T17:41:05Z] USER=guest ACTION=GET_SUMMARY DETAILS=platform=all
[2026-10-05T17:41:05Z] USER=guest ACTION=GET_SUMMARY DETAILS=platform=all
[2026-10-05T17:41:05Z] USER=guest ACTION=GET_SUMMARY DETAILS=platform=all
[2026-10-05T17:41:05Z] USER=guest ACTION=GET_SUMMARY DETAILS=platform=all
[2026-10-05T17:41:05Z] USER=guest ACTION=GET_SUMMARY DETAILS=platform=all
[2026-10-05T17:41:05Z] USER=guest ACTION=GET_SUMMARY DETAILS=platform=all
[2026-10-05T17:41:05Z] USER=guest ACTION=GET_SUMMARY DETAILS=platform=all
[2026-10-05T17:41:05Z] USER=guest ACTION=GET_SUMMARY DETAILS=platform=all
[2026-10-05T17:41:05Z] USER=guest ACTION=GET_SUMMARY DETAILS=platform=all
[2026-10-05T17:41:05Z] USER=guest ACTION=GET_SUMMARY DETAILS=platform=all
[2026-10-05T17:41:05Z] USER=guest ACTION=GET_SUMMARY DETAILS=platform=all
